Archive member included to satisfy reference by file (symbol)

c:/st/stm32cubeide_1.7.0/stm32cubeide/plugins/com.st.stm32cube.ide.mcu.externaltools.gnu-tools-for-stm32.9-2020-q2-update.win32_2.0.0.202105311346/tools/bin/../lib/gcc/arm-none-eabi/9.3.1/../../../../arm-none-eabi/lib/thumb/v7e-m+fp/hard\libc_nano.a(lib_a-errno.o)
                              ./Core/Src/syscalls.o (__errno)
c:/st/stm32cubeide_1.7.0/stm32cubeide/plugins/com.st.stm32cube.ide.mcu.externaltools.gnu-tools-for-stm32.9-2020-q2-update.win32_2.0.0.202105311346/tools/bin/../lib/gcc/arm-none-eabi/9.3.1/../../../../arm-none-eabi/lib/thumb/v7e-m+fp/hard\libc_nano.a(lib_a-exit.o)
                              c:/st/stm32cubeide_1.7.0/stm32cubeide/plugins/com.st.stm32cube.ide.mcu.externaltools.gnu-tools-for-stm32.9-2020-q2-update.win32_2.0.0.202105311346/tools/bin/../lib/gcc/arm-none-eabi/9.3.1/../../../../arm-none-eabi/lib/thumb/v7e-m+fp/hard/crt0.o (exit)
c:/st/stm32cubeide_1.7.0/stm32cubeide/plugins/com.st.stm32cube.ide.mcu.externaltools.gnu-tools-for-stm32.9-2020-q2-update.win32_2.0.0.202105311346/tools/bin/../lib/gcc/arm-none-eabi/9.3.1/../../../../arm-none-eabi/lib/thumb/v7e-m+fp/hard\libc_nano.a(lib_a-impure.o)
                              c:/st/stm32cubeide_1.7.0/stm32cubeide/plugins/com.st.stm32cube.ide.mcu.externaltools.gnu-tools-for-stm32.9-2020-q2-update.win32_2.0.0.202105311346/tools/bin/../lib/gcc/arm-none-eabi/9.3.1/../../../../arm-none-eabi/lib/thumb/v7e-m+fp/hard\libc_nano.a(lib_a-exit.o) (_global_impure_ptr)
c:/st/stm32cubeide_1.7.0/stm32cubeide/plugins/com.st.stm32cube.ide.mcu.externaltools.gnu-tools-for-stm32.9-2020-q2-update.win32_2.0.0.202105311346/tools/bin/../lib/gcc/arm-none-eabi/9.3.1/../../../../arm-none-eabi/lib/thumb/v7e-m+fp/hard\libc_nano.a(lib_a-init.o)
                              c:/st/stm32cubeide_1.7.0/stm32cubeide/plugins/com.st.stm32cube.ide.mcu.externaltools.gnu-tools-for-stm32.9-2020-q2-update.win32_2.0.0.202105311346/tools/bin/../lib/gcc/arm-none-eabi/9.3.1/../../../../arm-none-eabi/lib/thumb/v7e-m+fp/hard/crt0.o (__libc_init_array)
c:/st/stm32cubeide_1.7.0/stm32cubeide/plugins/com.st.stm32cube.ide.mcu.externaltools.gnu-tools-for-stm32.9-2020-q2-update.win32_2.0.0.202105311346/tools/bin/../lib/gcc/arm-none-eabi/9.3.1/../../../../arm-none-eabi/lib/thumb/v7e-m+fp/hard\libc_nano.a(lib_a-memset.o)
                              c:/st/stm32cubeide_1.7.0/stm32cubeide/plugins/com.st.stm32cube.ide.mcu.externaltools.gnu-tools-for-stm32.9-2020-q2-update.win32_2.0.0.202105311346/tools/bin/../lib/gcc/arm-none-eabi/9.3.1/../../../../arm-none-eabi/lib/thumb/v7e-m+fp/hard/crt0.o (memset)
c:/st/stm32cubeide_1.7.0/stm32cubeide/plugins/com.st.stm32cube.ide.mcu.externaltools.gnu-tools-for-stm32.9-2020-q2-update.win32_2.0.0.202105311346/tools/bin/../lib/gcc/arm-none-eabi/9.3.1/../../../../arm-none-eabi/lib/thumb/v7e-m+fp/hard\libc_nano.a(lib_a-sprintf.o)
                              ./Core/Src/uart.o (sprintf)
c:/st/stm32cubeide_1.7.0/stm32cubeide/plugins/com.st.stm32cube.ide.mcu.externaltools.gnu-tools-for-stm32.9-2020-q2-update.win32_2.0.0.202105311346/tools/bin/../lib/gcc/arm-none-eabi/9.3.1/../../../../arm-none-eabi/lib/thumb/v7e-m+fp/hard\libc_nano.a(lib_a-strlen.o)
                              ./Core/Src/lcd.o (strlen)
c:/st/stm32cubeide_1.7.0/stm32cubeide/plugins/com.st.stm32cube.ide.mcu.externaltools.gnu-tools-for-stm32.9-2020-q2-update.win32_2.0.0.202105311346/tools/bin/../lib/gcc/arm-none-eabi/9.3.1/../../../../arm-none-eabi/lib/thumb/v7e-m+fp/hard\libc_nano.a(lib_a-nano-svfprintf.o)
                              c:/st/stm32cubeide_1.7.0/stm32cubeide/plugins/com.st.stm32cube.ide.mcu.externaltools.gnu-tools-for-stm32.9-2020-q2-update.win32_2.0.0.202105311346/tools/bin/../lib/gcc/arm-none-eabi/9.3.1/../../../../arm-none-eabi/lib/thumb/v7e-m+fp/hard\libc_nano.a(lib_a-sprintf.o) (_svfprintf_r)
c:/st/stm32cubeide_1.7.0/stm32cubeide/plugins/com.st.stm32cube.ide.mcu.externaltools.gnu-tools-for-stm32.9-2020-q2-update.win32_2.0.0.202105311346/tools/bin/../lib/gcc/arm-none-eabi/9.3.1/../../../../arm-none-eabi/lib/thumb/v7e-m+fp/hard\libc_nano.a(lib_a-nano-vfprintf_i.o)
                              c:/st/stm32cubeide_1.7.0/stm32cubeide/plugins/com.st.stm32cube.ide.mcu.externaltools.gnu-tools-for-stm32.9-2020-q2-update.win32_2.0.0.202105311346/tools/bin/../lib/gcc/arm-none-eabi/9.3.1/../../../../arm-none-eabi/lib/thumb/v7e-m+fp/hard\libc_nano.a(lib_a-nano-svfprintf.o) (_printf_i)
c:/st/stm32cubeide_1.7.0/stm32cubeide/plugins/com.st.stm32cube.ide.mcu.externaltools.gnu-tools-for-stm32.9-2020-q2-update.win32_2.0.0.202105311346/tools/bin/../lib/gcc/arm-none-eabi/9.3.1/../../../../arm-none-eabi/lib/thumb/v7e-m+fp/hard\libc_nano.a(lib_a-memchr.o)
[...]
Memory Configuration

Name             Origin             Length             Attributes
CCMRAM           0x0000000010000000 0x0000000000010000 xrw
RAM              0x0000000020000000 0x0000000000020000 xrw
FLASH            0x0000000008000000 0x0000000000100000 xr
*default*        0x0000000000000000 0xffffffffffffffff

Linker script and memory map

LOAD c:/st/stm32cubeide_1.7.0/stm32cubeide/plugins/com.st.stm32cube.ide.mcu.externaltools.gnu-tools-for-stm32.9-2020-q2-update.win32_2.0.0.202105311346/tools/bin/../lib/gcc/arm-none-eabi/9.3.1/thumb/v7e-m+fp/hard/crti.o
LOAD c:/st/stm32cubeide_1.7.0/stm32cubeide/plugins/com.st.stm32cube.ide.mcu.externaltools.gnu-tools-for-stm32.9-2020-q2-update.win32_2.0.0.202105311346/tools/bin/../lib/gcc/arm-none-eabi/9.3.1/thumb/v7e-m+fp/hard/crtbegin.o
LOAD c:/st/stm32cubeide_1.7.0/stm32cubeide/plugins/com.st.stm32cube.ide.mcu.externaltools.gnu-tools-for-stm32.9-2020-q2-update.win32_2.0.0.202105311346/tools/bin/../lib/gcc/arm-none-eabi/9.3.1/../../../../arm-none-eabi/lib/thumb/v7e-m+fp/hard/crt0.o
LOAD ./Core/Src/adc.o
LOAD ./Core/Src/button.o
LOAD ./Core/Src/buzzer.o
LOAD ./Core/Src/dma.o
LOAD ./Core/Src/ds3231.o
LOAD ./Core/Src/fsmc.o
LOAD ./Core/Src/gpio.o
LOAD ./Core/Src/i2c.o
LOAD ./Core/Src/lcd.o
LOAD ./Core/Src/led_7seg.o
LOAD ./Core/Src/main.o
LOAD ./Core/Src/my_clock.o
LOAD ./Core/Src/my_display.o
LOAD ./Core/Src/picture.o
LOAD ./Core/Src/sensor.o
LOAD ./Core/Src/software_timer.o
LOAD ./Core/Src/spi.o
LOAD ./Core/Src/stm32f4xx_hal_msp.o
LOAD ./Core/Src/stm32f4xx_it.o
LOAD ./Core/Src/syscalls.o
LOAD ./Core/Src/sysmem.o
LOAD ./Core/Src/system.o
LOAD ./Core/Src/system_stm32f4xx.o
LOAD ./Core/Src/tim.o
LOAD ./Core/Src/uart.o
LOAD ./Core/Src/usart.o
LOAD ./Core/Src/utils.o
LOAD ./Core/Startup/startup_stm32f407zetx.o
LOAD ./Drivers/STM32F4xx_HAL_Driver/Src/stm32f4xx_hal.o
LOAD ./Drivers/STM32F4xx_HAL_Driver/Src/stm32f4xx_hal_adc.o
LOAD ./Drivers/STM32F4xx_HAL_Driver/Src/stm32f4xx_hal_adc_ex.o
LOAD ./Drivers/STM32F4xx_HAL_Driver/Src/stm32f4xx_hal_cortex.o
LOAD ./Drivers/STM32F4xx_HAL_Driver/Src/stm32f4xx_hal_dma.o
LOAD ./Drivers/STM32F4xx_HAL_Driver/Src/stm32f4xx_hal_dma_ex.o
LOAD ./Drivers/STM32F4xx_HAL_Driver/Src/stm32f4xx_hal_exti.o
LOAD ./Drivers/STM32F4xx_HAL_Driver/Src/stm32f4xx_hal_flash.o
LOAD ./Drivers/STM32F4xx_HAL_Driver/Src/stm32f4xx_hal_flash_ex.o
LOAD ./Drivers/STM32F4xx_HAL_Driver/Src/stm32f4xx_hal_flash_ramfunc.o
LOAD ./Drivers/STM32F4xx_HAL_Driver/Src/stm32f4xx_hal_gpio.o
LOAD ./Drivers/STM32F4xx_HAL_Driver/Src/stm32f4xx_hal_i2c.o
LOAD ./Drivers/STM32F4xx_HAL_Driver/Src/stm32f4xx_hal_i2c_ex.o
LOAD ./Drivers/STM32F4xx_HAL_Driver/Src/stm32f4xx_hal_pwr.o
LOAD ./Drivers/STM32F4xx_HAL_Driver/Src/stm32f4xx_hal_pwr_ex.o
LOAD ./Drivers/STM32F4xx_HAL_Driver/Src/stm32f4xx_hal_rcc.o
LOAD ./Drivers/STM32F4xx_HAL_Driver/Src/stm32f4xx_hal_rcc_ex.o
LOAD ./Drivers/STM32F4xx_HAL_Driver/Src/stm32f4xx_hal_spi.o
LOAD ./Drivers/STM32F4xx_HAL_Driver/Src/stm32f4xx_hal_sram.o
LOAD ./Drivers/STM32F4xx_HAL_Driver/Src/stm32f4xx_hal_tim.o
LOAD ./Drivers/STM32F4xx_HAL_Driver/Src/stm32f4xx_hal_tim_ex.o
LOAD ./Drivers/STM32F4xx_HAL_Driver/Src/stm32f4xx_hal_uart.o
LOAD ./Drivers/STM32F4xx_HAL_Driver/Src/stm32f4xx_ll_adc.o
LOAD ./Drivers/STM32F4xx_HAL_Driver/Src/stm32f4xx_ll_fsmc.o
START GROUP
LOAD c:/st/stm32cubeide_1.7.0/stm32cubeide/plugins/com.st.stm32cube.ide.mcu.externaltools.gnu-tools-for-stm32.9-2020-q2-update.win32_2.0.0.202105311346/tools/bin/../lib/gcc/arm-none-eabi/9.3.1/../../../../arm-none-eabi/lib/thumb/v7e-m+fp/hard\libc_nano.a
LOAD c:/st/stm32cubeide_1.7.0/stm32cubeide/plugins/com.st.stm32cube.ide.mcu.externaltools.gnu-tools-for-stm32.9-2020-q2-update.win32_2.0.0.202105311346/tools/bin/../lib/gcc/arm-none-eabi/9.3.1/../../../../arm-none-eabi/lib/thumb/v7e-m+fp/hard\libm.a
END GROUP
START GROUP
LOAD c:/st/stm32cubeide_1.7.0/stm32cubeide/plugins/com.st.stm32cube.ide.mcu.externaltools.gnu-tools-for-stm32.9-2020-q2-update.win32_2.0.0.202105311346/tools/bin/../lib/gcc/arm-none-eabi/9.3.1/thumb/v7e-m+fp/hard\libgcc.a
LOAD c:/st/stm32cubeide_1.7.0/stm32cubeide/plugins/com.st.stm32cube.ide.mcu.externaltools.gnu-tools-for-stm32.9-2020-q2-update.win32_2.0.0.202105311346/tools/bin/../lib/gcc/arm-none-eabi/9.3.1/../../../../arm-none-eabi/lib/thumb/v7e-m+fp/hard\libc_nano.a
END GROUP
START GROUP
LOAD c:/st/stm32cubeide_1.7.0/stm32cubeide/plugins/com.st.stm32cube.ide.mcu.externaltools.gnu-tools-for-stm32.9-2020-q2-update.win32_2.0.0.202105311346/tools/bin/../lib/gcc/arm-none-eabi/9.3.1/thumb/v7e-m+fp/hard\libgcc.a
LOAD c:/st/stm32cubeide_1.7.0/stm32cubeide/plugins/com.st.stm32cube.ide.mcu.externaltools.gnu-tools-for-stm32.9-2020-q2-update.win32_2.0.0.202105311346/tools/bin/../lib/gcc/arm-none-eabi/9.3.1/../../../../arm-none-eabi/lib/thumb/v7e-m+fp/hard\libc_nano.a
LOAD c:/st/stm32cubeide_1.7.0/stm32cubeide/plugins/com.st.stm32cube.ide.mcu.externaltools.gnu-tools-for-stm32.9-2020-q2-update.win32_2.0.0.202105311346/tools/bin/../lib/gcc/arm-none-eabi/9.3.1/../../../../arm-none-eabi/lib/thumb/v7e-m+fp/hard\libnosys.a
END GROUP
START GROUP
LOAD c:/st/stm32cubeide_1.7.0/stm32cubeide/plugins/com.st.stm32cube.ide.mcu.externaltools.gnu-tools-for-stm32.9-2020-q2-update.win32_2.0.0.202105311346/tools/bin/../lib/gcc/arm-none-eabi/9.3.1/thumb/v7e-m+fp/hard\libgcc.a
LOAD c:/st/stm32cubeide_1.7.0/stm32cubeide/plugins/com.st.stm32cube.ide.mcu.externaltools.gnu-tools-for-stm32.9-2020-q2-update.win32_2.0.0.202105311346/tools/bin/../lib/gcc/arm-none-eabi/9.3.1/../../../../arm-none-eabi/lib/thumb/v7e-m+fp/hard\libc_nano.a
LOAD c:/st/stm32cubeide_1.7.0/stm32cubeide/plugins/com.st.stm32cube.ide.mcu.externaltools.gnu-tools-for-stm32.9-2020-q2-update.win32_2.0.0.202105311346/tools/bin/../lib/gcc/arm-none-eabi/9.3.1/../../../../arm-none-eabi/lib/thumb/v7e-m+fp/hard\libnosys.a
END GROUP
LOAD c:/st/stm32cubeide_1.7.0/stm32cubeide/plugins/com.st.stm32cube.ide.mcu.externaltools.gnu-tools-for-stm32.9-2020-q2-update.win32_2.0.0.202105311346/tools/bin/../lib/gcc/arm-none-eabi/9.3.1/thumb/v7e-m+fp/hard/crtend.o
LOAD c:/st/stm32cubeide_1.7.0/stm32cubeide/plugins/com.st.stm32cube.ide.mcu.externaltools.gnu-tools-for-stm32.9-2020-q2-update.win32_2.0.0.202105311346/tools/bin/../lib/gcc/arm-none-eabi/9.3.1/thumb/v7e-m+fp/hard/crtn.o
                0x0000000020020000                _estack = (ORIGIN (RAM) + LENGTH (RAM))
                0x0000000000000200                _Min_Heap_Size = 0x200
                0x0000000000000400                _Min_Stack_Size = 0x400

.isr_vector     0x0000000008000000      0x188
                0x0000000008000000                . = ALIGN (0x4)
 *(.isr_vector)
 .isr_vector    0x0000000008000000      0x188 ./Core/Startup/startup_stm32f407zetx.o
                0x0000000008000000                g_pfnVectors
                0x0000000008000188                . = ALIGN (0x4)

.text           0x0000000008000190     0x8bc4
                0x0000000008000190                . = ALIGN (0x4)
 *(.text)
 .text          0x0000000008000190       0x40 c:/st/stm32cubeide_1.7.0/stm32cubeide/plugins/com.st.stm32cube.ide.mcu.externaltools.gnu-tools-for-stm32.9-2020-q2-update.win32_2.0.0.202105311346/tools/bin/../lib/gcc/arm-none-eabi/9.3.1/thumb/v7e-m+fp/hard/crtbegin.o
 .text          0x00000000080001d0       0xa0 c:/st/stm32cubeide_1.7.0/stm32cubeide/plugins/com.st.stm32cube.ide.mcu.externaltools.gnu-tools-for-stm32.9-2020-q2-update.win32_2.0.0.202105311346/tools/bin/../lib/gcc/arm-none-eabi/9.3.1/../../../../arm-none-eabi/lib/thumb/v7e-m+fp/hard\libc_nano.a(lib_a-memchr.o)
                0x00000000080001d0                memchr
 .text          0x0000000008000270      0x378 c:/st/stm32cubeide_1.7.0/stm32cubeide/plugins/com.st.stm32cube.ide.mcu.externaltools.gnu-tools-for-stm32.9-2020-q2-update.win32_2.0.0.202105311346/tools/bin/../lib/gcc/arm-none-eabi/9.3.1/thumb/v7e-m+fp/hard\libgcc.a(_arm_addsubdf3.o)
                0x0000000008000270                __aeabi_drsub
                0x0000000008000278                __aeabi_dsub
                0x0000000008000278                __subdf3
                0x000000000800027c                __aeabi_dadd
                0x000000000800027c                __adddf3
                0x00000000080004f4                __floatunsidf
                0x00000000080004f4                __aeabi_ui2d
                0x0000000008000514                __floatsidf
                0x0000000008000514                __aeabi_i2d
                0x0000000008000538                __aeabi_f2d
                0x0000000008000538                __extendsfdf2
                0x000000000800057c                __floatundidf
                0x000000000800057c                __aeabi_ul2d
                0x000000000800058c                __floatdidf
                0x000000000800058c                __aeabi_l2d
 .text          0x00000000080005e8      0x424 c:/st/stm32cubeide_1.7.0/stm32cubeide/plugins/com.st.stm32cube.ide.mcu.externaltools.gnu-tools-for-stm32.9-2020-q2-update.win32_2.0.0.202105311346/tools/bin/../lib/gcc/arm-none-eabi/9.3.1/thumb/v7e-m+fp/hard\libgcc.a(_arm_muldivdf3.o)
                0x00000000080005e8                __aeabi_dmul
                0x00000000080005e8                __muldf3
                0x000000000800083c                __divdf3
                0x000000000800083c                __aeabi_ddiv
 .text          0x0000000008000a0c       0x40 c:/st/stm32cubeide_1.7.0/stm32cubeide/plugins/com.st.stm32cube.ide.mcu.externaltools.gnu-tools-for-stm32.9-2020-q2-update.win32_2.0.0.202105311346/tools/bin/../lib/gcc/arm-none-eabi/9.3.1/thumb/v7e-m+fp/hard\libgcc.a(_arm_fixunsdfsi.o)
                0x0000000008000a0c                __aeabi_d2uiz
                0x0000000008000a0c                __fixunsdfsi
 .text          0x0000000008000a4c       0x30 c:/st/stm32cubeide_1.7.0/stm32cubeide/plugins/com.st.stm32cube.ide.mcu.externaltools.gnu-tools-for-stm32.9-2020-q2-update.win32_2.0.0.202105311346/tools/bin/../lib/gcc/arm-none-eabi/9.3.1/thumb/v7e-m+fp/hard\libgcc.a(_aeabi_uldivmod.o)
                0x0000000008000a4c                __aeabi_uldivmod
 .text          0x0000000008000a7c      0x2c4 c:/st/stm32cubeide_1.7.0/stm32cubeide/plugins/com.st.stm32cube.ide.mcu.externaltools.gnu-tools-for-stm32.9-2020-q2-update.win32_2.0.0.202105311346/tools/bin/../lib/gcc/arm-none-eabi/9.3.1/thumb/v7e-m+fp/hard\libgcc.a(_udivmoddi4.o)
                0x0000000008000a7c                __udivmoddi4
 .text          0x0000000008000d40        0x4 c:/st/stm32cubeide_1.7.0/stm32cubeide/plugins/com.st.stm32cube.ide.mcu.externaltools.gnu-tools-for-stm32.9-2020-q2-update.win32_2.0.0.202105311346/tools/bin/../lib/gcc/arm-none-eabi/9.3.1/thumb/v7e-m+fp/hard\libgcc.a(_dvmd_tls.o)
                0x0000000008000d40                __aeabi_idiv0
                0x0000000008000d40                __aeabi_ldiv0
 *(.text*)
 .text.MX_ADC1_Init
                0x0000000008000d44      0x114 ./Core/Src/adc.o
                0x0000000008000d44                MX_ADC1_Init
 .text.HAL_ADC_MspInit
                0x0000000008000e58      0x128 ./Core/Src/adc.o
                0x0000000008000e58                HAL_ADC_MspInit
 .text.button_init
                0x0000000008000f80       0x18 ./Core/Src/button.o
                0x0000000008000f80                button_init
 .text.button_Scan
                0x0000000008000f98       0xd8 ./Core/Src/button.o
                0x0000000008000f98                button_Scan
 .text.buzzer_init
                0x0000000008001070       0x14 ./Core/Src/buzzer.o
                0x0000000008001070                buzzer_init
 .text.buzzer_SetVolume
                0x0000000008001084       0x30 ./Core/Src/buzzer.o
                0x0000000008001084                buzzer_SetVolume
 .text.MX_DMA_Init
                0x00000000080010b4       0x40 ./Core/Src/dma.o
                0x00000000080010b4                MX_DMA_Init
 .text.ds3231_ReadTime
                0x00000000080010f4       0xc8 ./Core/Src/ds3231.o
                0x00000000080010f4                ds3231_ReadTime
 .text.MX_FSMC_Init
                0x00000000080011bc       0xf4 ./Core/Src/fsmc.o
                0x00000000080011bc                MX_FSMC_Init
 .text.HAL_FSMC_MspInit
                0x00000000080012b0       0x98 ./Core/Src/fsmc.o
 .text.HAL_SRAM_MspInit
                0x0000000008001348       0x14 ./Core/Src/fsmc.o
                0x0000000008001348                HAL_SRAM_MspInit
 .text.MX_GPIO_Init
                0x000000000800135c      0x20c ./Core/Src/gpio.o
                0x000000000800135c                MX_GPIO_Init
 .text.MX_I2C1_Init
                0x0000000008001568       0x5c ./Core/Src/i2c.o
                0x0000000008001568                MX_I2C1_Init
 .text.HAL_I2C_MspInit
                0x00000000080015c4       0x90 ./Core/Src/i2c.o
                0x00000000080015c4                HAL_I2C_MspInit
 .text.LCD_WR_REG
                0x0000000008001654       0x20 ./Core/Src/lcd.o
                0x0000000008001654                LCD_WR_REG
 .text.LCD_WR_DATA
                0x0000000008001674       0x20 ./Core/Src/lcd.o
 .text.LCD_RD_DATA
                0x0000000008001694       0x24 ./Core/Src/lcd.o
 .text.lcd_AddressSet
                0x00000000080016b8       0x98 ./Core/Src/lcd.o
                0x00000000080016b8                lcd_AddressSet
 .text.lcd_Clear
                0x0000000008001750       0x64 ./Core/Src/lcd.o
                0x0000000008001750                lcd_Clear
 .text.lcd_Fill
                0x00000000080017b4       0x6c ./Core/Src/lcd.o
                0x00000000080017b4                lcd_Fill
 .text.lcd_DrawPoint
                0x0000000008001820       0x2e ./Core/Src/lcd.o
                0x0000000008001820                lcd_DrawPoint
 .text.lcd_DrawLine
                0x000000000800184e      0x108 ./Core/Src/lcd.o
                0x000000000800184e                lcd_DrawLine
 *fill*         0x0000000008001956        0x2 
 .text.lcd_ShowChar
                0x0000000008001958      0x1a0 ./Core/Src/lcd.o
                0x0000000008001958                lcd_ShowChar
 .text.mypow    0x0000000008001af8       0x38 ./Core/Src/lcd.o
                0x0000000008001af8                mypow
 .text.lcd_ShowIntNum
                0x0000000008001b30       0xfc ./Core/Src/lcd.o
                0x0000000008001b30                lcd_ShowIntNum
 .text.lcd_SetDir
                0x0000000008001c2c       0x48 ./Core/Src/lcd.o
                0x0000000008001c2c                lcd_SetDir
 .text.lcd_init
                0x0000000008001c74      0x2c0 ./Core/Src/lcd.o
                0x0000000008001c74                lcd_init
 .text.sys_init
                0x0000000008001f34       0x4e ./Core/Src/main.o
                0x0000000008001f34                sys_init
 *fill*         0x0000000008001f82        0x2 
 .text.main     0x0000000008001f84       0x4c ./Core/Src/main.o
                0x0000000008001f84                main
 .text.SystemClock_Config
                0x0000000008001fd0       0xd4 ./Core/Src/main.o
                0x0000000008001fd0                SystemClock_Config
 .text.Error_Handler
                0x00000000080020a4        0xa ./Core/Src/main.o
                0x00000000080020a4                Error_Handler
 *fill*         0x00000000080020ae        0x2 
 .text.init_box
                0x00000000080020b0       0x74 ./Core/Src/my_display.o
                0x00000000080020b0                init_box
 .text.sensor_init
                0x0000000008002124       0x1c ./Core/Src/sensor.o
                0x0000000008002124                sensor_init
 .text.sensor_Read
                0x0000000008002140       0x1c ./Core/Src/sensor.o
                0x0000000008002140                sensor_Read
 .text.sensor_GetPotentiometer
                0x000000000800215c       0x18 ./Core/Src/sensor.o
                0x000000000800215c                sensor_GetPotentiometer
 .text.HAL_TIM_PeriodElapsedCallback
                0x0000000008002174       0x14 ./Core/Src/software_timer.o
                0x0000000008002174                HAL_TIM_PeriodElapsedCallback
 .text.set_timer
                0x0000000008002188       0x58 ./Core/Src/software_timer.o
                0x0000000008002188                set_timer
 .text.run_timer
                0x00000000080021e0       0x64 ./Core/Src/software_timer.o
                0x00000000080021e0                run_timer
 .text.is_timer_on
                0x0000000008002244       0x2c ./Core/Src/software_timer.o
                0x0000000008002244                is_timer_on
 .text.MX_SPI1_Init
                0x0000000008002270       0x6c ./Core/Src/spi.o
                0x0000000008002270                MX_SPI1_Init
 .text.HAL_SPI_MspInit
                0x00000000080022dc       0x90 ./Core/Src/spi.o
                0x00000000080022dc                HAL_SPI_MspInit
 .text.HAL_MspInit
                0x000000000800236c       0x50 ./Core/Src/stm32f4xx_hal_msp.o
                0x000000000800236c                HAL_MspInit
 .text.NMI_Handler
                0x00000000080023bc        0x6 ./Core/Src/stm32f4xx_it.o
                0x00000000080023bc                NMI_Handler
 .text.HardFault_Handler
                0x00000000080023c2        0x6 ./Core/Src/stm32f4xx_it.o
                0x00000000080023c2                HardFault_Handler
 .text.MemManage_Handler
                0x00000000080023c8        0x6 ./Core/Src/stm32f4xx_it.o
                0x00000000080023c8                MemManage_Handler
 .text.BusFault_Handler
                0x00000000080023ce        0x6 ./Core/Src/stm32f4xx_it.o
                0x00000000080023ce                BusFault_Handler
 .text.UsageFault_Handler
                0x00000000080023d4        0x6 ./Core/Src/stm32f4xx_it.o
                0x00000000080023d4                UsageFault_Handler
 .text.SVC_Handler
                0x00000000080023da        0xe ./Core/Src/stm32f4xx_it.o
                0x00000000080023da                SVC_Handler
 .text.DebugMon_Handler
                0x00000000080023e8        0xe ./Core/Src/stm32f4xx_it.o
                0x00000000080023e8                DebugMon_Handler
 .text.PendSV_Handler
                0x00000000080023f6        0xe ./Core/Src/stm32f4xx_it.o
                0x00000000080023f6                PendSV_Handler
 .text.SysTick_Handler
                0x0000000008002404        0xc ./Core/Src/stm32f4xx_it.o
                0x0000000008002404                SysTick_Handler
 .text.TIM2_IRQHandler
                0x0000000008002410       0x14 ./Core/Src/stm32f4xx_it.o
                0x0000000008002410                TIM2_IRQHandler
 .text.USART1_IRQHandler
                0x0000000008002424       0x14 ./Core/Src/stm32f4xx_it.o
                0x0000000008002424                USART1_IRQHandler
 .text.DMA2_Stream0_IRQHandler
                0x0000000008002438       0x14 ./Core/Src/stm32f4xx_it.o
                0x0000000008002438                DMA2_Stream0_IRQHandler
 .text._sbrk    0x000000000800244c       0x6c ./Core/Src/sysmem.o
                0x000000000800244c                _sbrk
 .text.sensor_diplay
                0x00000000080024b8      0x184 ./Core/Src/system.o
                0x00000000080024b8                sensor_diplay
 .text.system_loop
                0x000000000800263c        0xc ./Core/Src/system.o
                0x000000000800263c                system_loop
 .text.store_power_data
                0x0000000008002648       0x64 ./Core/Src/system.o
                0x0000000008002648                store_power_data
 .text.get_digit_count
                0x00000000080026ac       0x44 ./Core/Src/system.o
                0x00000000080026ac                get_digit_count
 .text.plot_power_chart
                0x00000000080026f0      0x290 ./Core/Src/system.o
                0x00000000080026f0                plot_power_chart
 .text.SystemInit
                0x0000000008002980       0x24 ./Core/Src/system_stm32f4xx.o
                0x0000000008002980                SystemInit
 .text.MX_TIM2_Init
                0x00000000080029a4       0x98 ./Core/Src/tim.o
                0x00000000080029a4                MX_TIM2_Init
 .text.MX_TIM13_Init
                0x0000000008002a3c       0x9c ./Core/Src/tim.o
                0x0000000008002a3c                MX_TIM13_Init
 .text.HAL_TIM_Base_MspInit
                0x0000000008002ad8       0x78 ./Core/Src/tim.o
                0x0000000008002ad8                HAL_TIM_Base_MspInit
 .text.HAL_TIM_MspPostInit
                0x0000000008002b50       0x74 ./Core/Src/tim.o
                0x0000000008002b50                HAL_TIM_MspPostInit
 .text.uart_init_rs232
                0x0000000008002bc4       0x1c ./Core/Src/uart.o
                0x0000000008002bc4                uart_init_rs232
 .text.uart_Rs232SendString
                0x0000000008002be0       0x34 ./Core/Src/uart.o
                0x0000000008002be0                uart_Rs232SendString
 .text.HAL_UART_RxCpltCallback
                0x0000000008002c14       0x3c ./Core/Src/uart.o
                0x0000000008002c14                HAL_UART_RxCpltCallback
 .text.MX_USART1_UART_Init
                0x0000000008002c50       0x54 ./Core/Src/usart.o
                0x0000000008002c50                MX_USART1_UART_Init
 .text.HAL_UART_MspInit
                0x0000000008002ca4       0xa0 ./Core/Src/usart.o
                0x0000000008002ca4                HAL_UART_MspInit
 .text.BCD2DEC  0x0000000008002d44       0x32 ./Core/Src/utils.o
                0x0000000008002d44                BCD2DEC
 *fill*         0x0000000008002d76        0x2 
 .text.Reset_Handler
                0x0000000008002d78       0x50 ./Core/Startup/startup_stm32f407zetx.o
                0x0000000008002d78                Reset_Handler
 .text.Default_Handler
                0x0000000008002dc8        0x2 ./Core/Startup/startup_stm32f407zetx.o
                0x0000000008002dc8                RTC_Alarm_IRQHandler
                0x0000000008002dc8                HASH_RNG_IRQHandler
                0x0000000008002dc8                EXTI2_IRQHandler
                0x0000000008002dc8                TIM8_CC_IRQHandler
                0x0000000008002dc8                TIM1_CC_IRQHandler
                0x0000000008002dc8                DMA2_Stream5_IRQHandler
                0x0000000008002dc8                DMA1_Stream5_IRQHandler
                0x0000000008002dc8                PVD_IRQHandler
                0x0000000008002dc8                SDIO_IRQHandler
                0x0000000008002dc8                TAMP_STAMP_IRQHandler
                0x0000000008002dc8                CAN2_RX1_IRQHandler
                0x0000000008002dc8                EXTI3_IRQHandler
                0x0000000008002dc8                TIM8_TRG_COM_TIM14_IRQHandler
                0x0000000008002dc8                TIM1_UP_TIM10_IRQHandler
                0x0000000008002dc8                TIM8_UP_TIM13_IRQHandler
                0x0000000008002dc8                I2C3_ER_IRQHandler
                0x0000000008002dc8                EXTI0_IRQHandler
                0x0000000008002dc8                I2C2_EV_IRQHandler
                0x0000000008002dc8                DMA1_Stream2_IRQHandler
                0x0000000008002dc8                CAN1_RX0_IRQHandler
                0x0000000008002dc8                FPU_IRQHandler
                0x0000000008002dc8                OTG_HS_WKUP_IRQHandler
                0x0000000008002dc8                CAN2_SCE_IRQHandler
                0x0000000008002dc8                DMA2_Stream2_IRQHandler
                0x0000000008002dc8                SPI1_IRQHandler
                0x0000000008002dc8                TIM6_DAC_IRQHandler
                0x0000000008002dc8                TIM1_BRK_TIM9_IRQHandler
                0x0000000008002dc8                DCMI_IRQHandler
                0x0000000008002dc8                CAN2_RX0_IRQHandler
                0x0000000008002dc8                DMA2_Stream3_IRQHandler
                0x0000000008002dc8                USART6_IRQHandler
                0x0000000008002dc8                USART3_IRQHandler
                0x0000000008002dc8                CAN1_RX1_IRQHandler
                0x0000000008002dc8                UART5_IRQHandler
                0x0000000008002dc8                TIM4_IRQHandler
                0x0000000008002dc8                I2C1_EV_IRQHandler
                0x0000000008002dc8                DMA1_Stream6_IRQHandler
                0x0000000008002dc8                DMA1_Stream1_IRQHandler
                0x0000000008002dc8                UART4_IRQHandler
                0x0000000008002dc8                TIM3_IRQHandler
                0x0000000008002dc8                RCC_IRQHandler
                0x0000000008002dc8                TIM8_BRK_TIM12_IRQHandler
                0x0000000008002dc8                Default_Handler
                0x0000000008002dc8                EXTI15_10_IRQHandler
                0x0000000008002dc8                ADC_IRQHandler
                0x0000000008002dc8                DMA1_Stream7_IRQHandler
                0x0000000008002dc8                TIM7_IRQHandler
                0x0000000008002dc8                CAN2_TX_IRQHandler
                0x0000000008002dc8                TIM5_IRQHandler
                0x0000000008002dc8                DMA2_Stream7_IRQHandler
                0x0000000008002dc8                I2C3_EV_IRQHandler
                0x0000000008002dc8                EXTI9_5_IRQHandler
                0x0000000008002dc8                RTC_WKUP_IRQHandler
                0x0000000008002dc8                ETH_WKUP_IRQHandler
                0x0000000008002dc8                SPI2_IRQHandler
                0x0000000008002dc8                OTG_HS_EP1_IN_IRQHandler
                0x0000000008002dc8                DMA1_Stream0_IRQHandler
                0x0000000008002dc8                CAN1_TX_IRQHandler
                0x0000000008002dc8                EXTI4_IRQHandler
                0x0000000008002dc8                FSMC_IRQHandler
                0x0000000008002dc8                ETH_IRQHandler
                0x0000000008002dc8                OTG_HS_EP1_OUT_IRQHandler
                0x0000000008002dc8                WWDG_IRQHandler
                0x0000000008002dc8                OTG_FS_WKUP_IRQHandler
                0x0000000008002dc8                TIM1_TRG_COM_TIM11_IRQHandler
                0x0000000008002dc8                OTG_HS_IRQHandler
                0x0000000008002dc8                EXTI1_IRQHandler
                0x0000000008002dc8                USART2_IRQHandler
                0x0000000008002dc8                I2C2_ER_IRQHandler
                0x0000000008002dc8                DMA2_Stream1_IRQHandler
                0x0000000008002dc8                CAN1_SCE_IRQHandler
                0x0000000008002dc8                FLASH_IRQHandler
                0x0000000008002dc8                DMA2_Stream4_IRQHandler
                0x0000000008002dc8                OTG_FS_IRQHandler
                0x0000000008002dc8                SPI3_IRQHandler
                0x0000000008002dc8                DMA1_Stream4_IRQHandler
                0x0000000008002dc8                I2C1_ER_IRQHandler
                0x0000000008002dc8                DMA2_Stream6_IRQHandler
                0x0000000008002dc8                DMA1_Stream3_IRQHandler
 *fill*         0x0000000008002dca        0x2 
 .text.HAL_Init
                0x0000000008002dcc       0x44 ./Drivers/STM32F4xx_HAL_Driver/Src/stm32f4xx_hal.o
                0x0000000008002dcc                HAL_Init
 .text.HAL_InitTick
                0x0000000008002e10       0x60 ./Drivers/STM32F4xx_HAL_Driver/Src/stm32f4xx_hal.o
                0x0000000008002e10                HAL_InitTick
 .text.HAL_IncTick
                0x0000000008002e70       0x28 ./Drivers/STM32F4xx_HAL_Driver/Src/stm32f4xx_hal.o
                0x0000000008002e70                HAL_IncTick
 .text.HAL_GetTick
                0x0000000008002e98       0x18 ./Drivers/STM32F4xx_HAL_Driver/Src/stm32f4xx_hal.o
                0x0000000008002e98                HAL_GetTick
 .text.HAL_Delay
                0x0000000008002eb0       0x48 ./Drivers/STM32F4xx_HAL_Driver/Src/stm32f4xx_hal.o
                0x0000000008002eb0                HAL_Delay
 .text.HAL_ADC_Init
                0x0000000008002ef8       0x86 ./Drivers/STM32F4xx_HAL_Driver/Src/stm32f4xx_hal_adc.o
                0x0000000008002ef8                HAL_ADC_Init
 *fill*         0x0000000008002f7e        0x2 
 .text.HAL_ADC_Start_DMA
                0x0000000008002f80      0x220 ./Drivers/STM32F4xx_HAL_Driver/Src/stm32f4xx_hal_adc.o
                0x0000000008002f80                HAL_ADC_Start_DMA
 .text.HAL_ADC_ConvCpltCallback
                0x00000000080031a0       0x14 ./Drivers/STM32F4xx_HAL_Driver/Src/stm32f4xx_hal_adc.o
                0x00000000080031a0                HAL_ADC_ConvCpltCallback
 .text.HAL_ADC_ConvHalfCpltCallback
                0x00000000080031b4       0x14 ./Drivers/STM32F4xx_HAL_Driver/Src/stm32f4xx_hal_adc.o
                0x00000000080031b4                HAL_ADC_ConvHalfCpltCallback
 .text.HAL_ADC_ErrorCallback
                0x00000000080031c8       0x14 ./Drivers/STM32F4xx_HAL_Driver/Src/stm32f4xx_hal_adc.o
                0x00000000080031c8                HAL_ADC_ErrorCallback
 .text.HAL_ADC_ConfigChannel
                0x00000000080031dc      0x244 ./Drivers/STM32F4xx_HAL_Driver/Src/stm32f4xx_hal_adc.o
                0x00000000080031dc                HAL_ADC_ConfigChannel
 .text.ADC_Init
                0x0000000008003420      0x1f8 ./Drivers/STM32F4xx_HAL_Driver/Src/stm32f4xx_hal_adc.o
 .text.ADC_DMAConvCplt
                0x0000000008003618       0xba ./Drivers/STM32F4xx_HAL_Driver/Src/stm32f4xx_hal_adc.o
 .text.ADC_DMAHalfConvCplt
                0x00000000080036d2       0x1c ./Drivers/STM32F4xx_HAL_Driver/Src/stm32f4xx_hal_adc.o
 .text.ADC_DMAError
                0x00000000080036ee       0x2e ./Drivers/STM32F4xx_HAL_Driver/Src/stm32f4xx_hal_adc.o
 .text.__NVIC_SetPriorityGrouping
                0x000000000800371c       0x48 ./Drivers/STM32F4xx_HAL_Driver/Src/stm32f4xx_hal_cortex.o
 .text.__NVIC_GetPriorityGrouping
                0x0000000008003764       0x1c ./Drivers/STM32F4xx_HAL_Driver/Src/stm32f4xx_hal_cortex.o
 .text.__NVIC_EnableIRQ
                0x0000000008003780       0x3c ./Drivers/STM32F4xx_HAL_Driver/Src/stm32f4xx_hal_cortex.o
 .text.__NVIC_SetPriority
                0x00000000080037bc       0x54 ./Drivers/STM32F4xx_HAL_Driver/Src/stm32f4xx_hal_cortex.o
 .text.NVIC_EncodePriority
                0x0000000008003810       0x66 ./Drivers/STM32F4xx_HAL_Driver/Src/stm32f4xx_hal_cortex.o
 *fill*         0x0000000008003876        0x2 
 .text.SysTick_Config
                0x0000000008003878       0x44 ./Drivers/STM32F4xx_HAL_Driver/Src/stm32f4xx_hal_cortex.o
 .text.HAL_NVIC_SetPriorityGrouping
                0x00000000080038bc       0x16 ./Drivers/STM32F4xx_HAL_Driver/Src/stm32f4xx_hal_cortex.o
                0x00000000080038bc                HAL_NVIC_SetPriorityGrouping
 .text.HAL_NVIC_SetPriority
                0x00000000080038d2       0x38 ./Drivers/STM32F4xx_HAL_Driver/Src/stm32f4xx_hal_cortex.o
                0x00000000080038d2                HAL_NVIC_SetPriority
 .text.HAL_NVIC_EnableIRQ
                0x000000000800390a       0x1c ./Drivers/STM32F4xx_HAL_Driver/Src/stm32f4xx_hal_cortex.o
                0x000000000800390a                HAL_NVIC_EnableIRQ
 .text.HAL_SYSTICK_Config
                0x0000000008003926       0x18 ./Drivers/STM32F4xx_HAL_Driver/Src/stm32f4xx_hal_cortex.o
                0x0000000008003926                HAL_SYSTICK_Config
 *fill*         0x000000000800393e        0x2 
 .text.HAL_DMA_Init
                0x0000000008003940      0x15c ./Drivers/STM32F4xx_HAL_Driver/Src/stm32f4xx_hal_dma.o
                0x0000000008003940                HAL_DMA_Init
 .text.HAL_DMA_Start_IT
                0x0000000008003a9c       0xb0 ./Drivers/STM32F4xx_HAL_Driver/Src/stm32f4xx_hal_dma.o
                0x0000000008003a9c                HAL_DMA_Start_IT
 .text.HAL_DMA_Abort
                0x0000000008003b4c       0xe0 ./Drivers/STM32F4xx_HAL_Driver/Src/stm32f4xx_hal_dma.o
                0x0000000008003b4c                HAL_DMA_Abort
 .text.HAL_DMA_Abort_IT
                0x0000000008003c2c       0x44 ./Drivers/STM32F4xx_HAL_Driver/Src/stm32f4xx_hal_dma.o
                0x0000000008003c2c                HAL_DMA_Abort_IT
 .text.HAL_DMA_IRQHandler
                0x0000000008003c70      0x314 ./Drivers/STM32F4xx_HAL_Driver/Src/stm32f4xx_hal_dma.o
                0x0000000008003c70                HAL_DMA_IRQHandler
 .text.DMA_SetConfig
                0x0000000008003f84       0x5c ./Drivers/STM32F4xx_HAL_Driver/Src/stm32f4xx_hal_dma.o
 .text.DMA_CalcBaseAndBitshift
                0x0000000008003fe0       0x6c ./Drivers/STM32F4xx_HAL_Driver/Src/stm32f4xx_hal_dma.o
 .text.DMA_CheckFifoParam
                0x000000000800404c       0xf8 ./Drivers/STM32F4xx_HAL_Driver/Src/stm32f4xx_hal_dma.o
 .text.HAL_GPIO_Init
                0x0000000008004144      0x338 ./Drivers/STM32F4xx_HAL_Driver/Src/stm32f4xx_hal_gpio.o
                0x0000000008004144                HAL_GPIO_Init
 .text.HAL_GPIO_WritePin
                0x000000000800447c       0x32 ./Drivers/STM32F4xx_HAL_Driver/Src/stm32f4xx_hal_gpio.o
                0x000000000800447c                HAL_GPIO_WritePin
 *fill*         0x00000000080044ae        0x2 
 .text.HAL_I2C_Init
                0x00000000080044b0      0x288 ./Drivers/STM32F4xx_HAL_Driver/Src/stm32f4xx_hal_i2c.o
                0x00000000080044b0                HAL_I2C_Init
 .text.HAL_I2C_Mem_Read
                0x0000000008004738      0x44c ./Drivers/STM32F4xx_HAL_Driver/Src/stm32f4xx_hal_i2c.o
                0x0000000008004738                HAL_I2C_Mem_Read
 .text.I2C_RequestMemoryRead
                0x0000000008004b84      0x1d0 ./Drivers/STM32F4xx_HAL_Driver/Src/stm32f4xx_hal_i2c.o
 .text.I2C_WaitOnFlagUntilTimeout
                0x0000000008004d54       0xae ./Drivers/STM32F4xx_HAL_Driver/Src/stm32f4xx_hal_i2c.o
 .text.I2C_WaitOnMasterAddressFlagUntilTimeout
                0x0000000008004e02       0xfe ./Drivers/STM32F4xx_HAL_Driver/Src/stm32f4xx_hal_i2c.o
 .text.I2C_WaitOnTXEFlagUntilTimeout
                0x0000000008004f00       0x82 ./Drivers/STM32F4xx_HAL_Driver/Src/stm32f4xx_hal_i2c.o
 .text.I2C_WaitOnRXNEFlagUntilTimeout
                0x0000000008004f82       0xac ./Drivers/STM32F4xx_HAL_Driver/Src/stm32f4xx_hal_i2c.o
 .text.I2C_IsAcknowledgeFailed
                0x000000000800502e       0x5e ./Drivers/STM32F4xx_HAL_Driver/Src/stm32f4xx_hal_i2c.o
 .text.HAL_RCC_OscConfig
                0x000000000800508c      0x4f0 ./Drivers/STM32F4xx_HAL_Driver/Src/stm32f4xx_hal_rcc.o
                0x000000000800508c                HAL_RCC_OscConfig
 .text.HAL_RCC_ClockConfig
                0x000000000800557c      0x1cc ./Drivers/STM32F4xx_HAL_Driver/Src/stm32f4xx_hal_rcc.o
                0x000000000800557c                HAL_RCC_ClockConfig
 .text.HAL_RCC_GetSysClockFreq
                0x0000000008005748      0x1c4 ./Drivers/STM32F4xx_HAL_Driver/Src/stm32f4xx_hal_rcc.o
                0x0000000008005748                HAL_RCC_GetSysClockFreq
 .text.HAL_RCC_GetHCLKFreq
                0x000000000800590c       0x18 ./Drivers/STM32F4xx_HAL_Driver/Src/stm32f4xx_hal_rcc.o
                0x000000000800590c                HAL_RCC_GetHCLKFreq
 .text.HAL_RCC_GetPCLK1Freq
                0x0000000008005924       0x28 ./Drivers/STM32F4xx_HAL_Driver/Src/stm32f4xx_hal_rcc.o
                0x0000000008005924                HAL_RCC_GetPCLK1Freq
 .text.HAL_RCC_GetPCLK2Freq
                0x000000000800594c       0x28 ./Drivers/STM32F4xx_HAL_Driver/Src/stm32f4xx_hal_rcc.o
                0x000000000800594c                HAL_RCC_GetPCLK2Freq
 .text.HAL_SPI_Init
                0x0000000008005974      0x112 ./Drivers/STM32F4xx_HAL_Driver/Src/stm32f4xx_hal_spi.o
                0x0000000008005974                HAL_SPI_Init
 .text.HAL_SPI_Receive
                0x0000000008005a86      0x222 ./Drivers/STM32F4xx_HAL_Driver/Src/stm32f4xx_hal_spi.o
                0x0000000008005a86                HAL_SPI_Receive
 .text.HAL_SPI_TransmitReceive
                0x0000000008005ca8      0x344 ./Drivers/STM32F4xx_HAL_Driver/Src/stm32f4xx_hal_spi.o
                0x0000000008005ca8                HAL_SPI_TransmitReceive
 .text.SPI_WaitFlagStateUntilTimeout
                0x0000000008005fec      0x110 ./Drivers/STM32F4xx_HAL_Driver/Src/stm32f4xx_hal_spi.o
 .text.SPI_EndRxTransaction
                0x00000000080060fc       0xca ./Drivers/STM32F4xx_HAL_Driver/Src/stm32f4xx_hal_spi.o
 *fill*         0x00000000080061c6        0x2 
 .text.SPI_EndRxTxTransaction
                0x00000000080061c8       0x84 ./Drivers/STM32F4xx_HAL_Driver/Src/stm32f4xx_hal_spi.o
 .text.HAL_SRAM_Init
                0x000000000800624c       0x88 ./Drivers/STM32F4xx_HAL_Driver/Src/stm32f4xx_hal_sram.o
                0x000000000800624c                HAL_SRAM_Init
 .text.HAL_TIM_Base_Init
                0x00000000080062d4       0x9e ./Drivers/STM32F4xx_HAL_Driver/Src/stm32f4xx_hal_tim.o
                0x00000000080062d4                HAL_TIM_Base_Init
 *fill*         0x0000000008006372        0x2 
 .text.HAL_TIM_Base_Start_IT
                0x0000000008006374       0xe0 ./Drivers/STM32F4xx_HAL_Driver/Src/stm32f4xx_hal_tim.o
                0x0000000008006374                HAL_TIM_Base_Start_IT
 .text.HAL_TIM_PWM_Init
                0x0000000008006454       0x9e ./Drivers/STM32F4xx_HAL_Driver/Src/stm32f4xx_hal_tim.o
                0x0000000008006454                HAL_TIM_PWM_Init
 .text.HAL_TIM_PWM_MspInit
                0x00000000080064f2       0x14 ./Drivers/STM32F4xx_HAL_Driver/Src/stm32f4xx_hal_tim.o
                0x00000000080064f2                HAL_TIM_PWM_MspInit
 *fill*         0x0000000008006506        0x2 
 .text.HAL_TIM_PWM_Start
                0x0000000008006508      0x190 ./Drivers/STM32F4xx_HAL_Driver/Src/stm32f4xx_hal_tim.o
                0x0000000008006508                HAL_TIM_PWM_Start
 .text.HAL_TIM_IRQHandler
                0x0000000008006698      0x210 ./Drivers/STM32F4xx_HAL_Driver/Src/stm32f4xx_hal_tim.o
                0x0000000008006698                HAL_TIM_IRQHandler
 .text.HAL_TIM_PWM_ConfigChannel
                0x00000000080068a8      0x184 ./Drivers/STM32F4xx_HAL_Driver/Src/stm32f4xx_hal_tim.o
                0x00000000080068a8                HAL_TIM_PWM_ConfigChannel
 .text.HAL_TIM_ConfigClockSource
                0x0000000008006a2c      0x18e ./Drivers/STM32F4xx_HAL_Driver/Src/stm32f4xx_hal_tim.o
                0x0000000008006a2c                HAL_TIM_ConfigClockSource
 .text.HAL_TIM_OC_DelayElapsedCallback
                0x0000000008006bba       0x14 ./Drivers/STM32F4xx_HAL_Driver/Src/stm32f4xx_hal_tim.o
                0x0000000008006bba                HAL_TIM_OC_DelayElapsedCallback
 .text.HAL_TIM_IC_CaptureCallback
                0x0000000008006bce       0x14 ./Drivers/STM32F4xx_HAL_Driver/Src/stm32f4xx_hal_tim.o
                0x0000000008006bce                HAL_TIM_IC_CaptureCallback
 .text.HAL_TIM_PWM_PulseFinishedCallback
                0x0000000008006be2       0x14 ./Drivers/STM32F4xx_HAL_Driver/Src/stm32f4xx_hal_tim.o
                0x0000000008006be2                HAL_TIM_PWM_PulseFinishedCallback
 .text.HAL_TIM_TriggerCallback
                0x0000000008006bf6       0x14 ./Drivers/STM32F4xx_HAL_Driver/Src/stm32f4xx_hal_tim.o
                0x0000000008006bf6                HAL_TIM_TriggerCallback
 *fill*         0x0000000008006c0a        0x2 
 .text.TIM_Base_SetConfig
                0x0000000008006c0c      0x140 ./Drivers/STM32F4xx_HAL_Driver/Src/stm32f4xx_hal_tim.o
                0x0000000008006c0c                TIM_Base_SetConfig
 .text.TIM_OC1_SetConfig
                0x0000000008006d4c       0xe0 ./Drivers/STM32F4xx_HAL_Driver/Src/stm32f4xx_hal_tim.o
 .text.TIM_OC2_SetConfig
                0x0000000008006e2c       0xec ./Drivers/STM32F4xx_HAL_Driver/Src/stm32f4xx_hal_tim.o
                0x0000000008006e2c                TIM_OC2_SetConfig
 .text.TIM_OC3_SetConfig
                0x0000000008006f18       0xe8 ./Drivers/STM32F4xx_HAL_Driver/Src/stm32f4xx_hal_tim.o
 .text.TIM_OC4_SetConfig
                0x0000000008007000       0xac ./Drivers/STM32F4xx_HAL_Driver/Src/stm32f4xx_hal_tim.o
 .text.TIM_TI1_ConfigInputStage
                0x00000000080070ac       0x5e ./Drivers/STM32F4xx_HAL_Driver/Src/stm32f4xx_hal_tim.o
 .text.TIM_TI2_ConfigInputStage
                0x000000000800710a       0x60 ./Drivers/STM32F4xx_HAL_Driver/Src/stm32f4xx_hal_tim.o
 .text.TIM_ITRx_SetConfig
                0x000000000800716a       0x36 ./Drivers/STM32F4xx_HAL_Driver/Src/stm32f4xx_hal_tim.o
 .text.TIM_ETR_SetConfig
                0x00000000080071a0       0x40 ./Drivers/STM32F4xx_HAL_Driver/Src/stm32f4xx_hal_tim.o
                0x00000000080071a0                TIM_ETR_SetConfig
 .text.TIM_CCxChannelCmd
                0x00000000080071e0       0x4a ./Drivers/STM32F4xx_HAL_Driver/Src/stm32f4xx_hal_tim.o
                0x00000000080071e0                TIM_CCxChannelCmd
 *fill*         0x000000000800722a        0x2 
 .text.HAL_TIMEx_MasterConfigSynchronization
                0x000000000800722c       0xf8 ./Drivers/STM32F4xx_HAL_Driver/Src/stm32f4xx_hal_tim_ex.o
                0x000000000800722c                HAL_TIMEx_MasterConfigSynchronization
 .text.HAL_TIMEx_CommutCallback
                0x0000000008007324       0x14 ./Drivers/STM32F4xx_HAL_Driver/Src/stm32f4xx_hal_tim_ex.o
                0x0000000008007324                HAL_TIMEx_CommutCallback
 .text.HAL_TIMEx_BreakCallback
                0x0000000008007338       0x14 ./Drivers/STM32F4xx_HAL_Driver/Src/stm32f4xx_hal_tim_ex.o
                0x0000000008007338                HAL_TIMEx_BreakCallback
 .text.HAL_UART_Init
                0x000000000800734c       0x9a ./Drivers/STM32F4xx_HAL_Driver/Src/stm32f4xx_hal_uart.o
                0x000000000800734c                HAL_UART_Init
 .text.HAL_UART_Transmit
                0x00000000080073e6      0x124 ./Drivers/STM32F4xx_HAL_Driver/Src/stm32f4xx_hal_uart.o
                0x00000000080073e6                HAL_UART_Transmit
 .text.HAL_UART_Receive_IT
                0x000000000800750a       0x60 ./Drivers/STM32F4xx_HAL_Driver/Src/stm32f4xx_hal_uart.o
                0x000000000800750a                HAL_UART_Receive_IT
 *fill*         0x000000000800756a        0x2 
 .text.HAL_UART_IRQHandler
                0x000000000800756c      0x51c ./Drivers/STM32F4xx_HAL_Driver/Src/stm32f4xx_hal_uart.o
                0x000000000800756c                HAL_UART_IRQHandler
 .text.HAL_UART_TxCpltCallback
                0x0000000008007a88       0x14 ./Drivers/STM32F4xx_HAL_Driver/Src/stm32f4xx_hal_uart.o
                0x0000000008007a88                HAL_UART_TxCpltCallback
 .text.HAL_UART_ErrorCallback
                0x0000000008007a9c       0x14 ./Drivers/STM32F4xx_HAL_Driver/Src/stm32f4xx_hal_uart.o
                0x0000000008007a9c                HAL_UART_ErrorCallback
 .text.HAL_UARTEx_RxEventCallback
                0x0000000008007ab0       0x18 ./Drivers/STM32F4xx_HAL_Driver/Src/stm32f4xx_hal_uart.o
                0x0000000008007ab0                HAL_UARTEx_RxEventCallback
 .text.UART_WaitOnFlagUntilTimeout
                0x0000000008007ac8       0xdc ./Drivers/STM32F4xx_HAL_Driver/Src/stm32f4xx_hal_uart.o
 .text.UART_Start_Receive_IT
                0x0000000008007ba4       0x74 ./Drivers/STM32F4xx_HAL_Driver/Src/stm32f4xx_hal_uart.o
                0x0000000008007ba4                UART_Start_Receive_IT
 .text.UART_EndRxTransfer
                0x0000000008007c18       0xc6 ./Drivers/STM32F4xx_HAL_Driver/Src/stm32f4xx_hal_uart.o
 .text.UART_DMAAbortOnError
                0x0000000008007cde       0x28 ./Drivers/STM32F4xx_HAL_Driver/Src/stm32f4xx_hal_uart.o
 .text.UART_Transmit_IT
                0x0000000008007d06       0xa0 ./Drivers/STM32F4xx_HAL_Driver/Src/stm32f4xx_hal_uart.o
 .text.UART_EndTransmit_IT
                0x0000000008007da6       0x30 ./Drivers/STM32F4xx_HAL_Driver/Src/stm32f4xx_hal_uart.o
 .text.UART_Receive_IT
                0x0000000008007dd6      0x176 ./Drivers/STM32F4xx_HAL_Driver/Src/stm32f4xx_hal_uart.o
 .text.UART_SetConfig
                0x0000000008007f4c      0x390 ./Drivers/STM32F4xx_HAL_Driver/Src/stm32f4xx_hal_uart.o
 .text.FSMC_NORSRAM_Init
                0x00000000080082dc       0xa4 ./Drivers/STM32F4xx_HAL_Driver/Src/stm32f4xx_ll_fsmc.o
                0x00000000080082dc                FSMC_NORSRAM_Init
 .text.FSMC_NORSRAM_Timing_Init
                0x0000000008008380       0x7a ./Drivers/STM32F4xx_HAL_Driver/Src/stm32f4xx_ll_fsmc.o
                0x0000000008008380                FSMC_NORSRAM_Timing_Init
 *fill*         0x00000000080083fa        0x2 
 .text.FSMC_NORSRAM_Extended_Timing_Init
                0x00000000080083fc       0x80 ./Drivers/STM32F4xx_HAL_Driver/Src/stm32f4xx_ll_fsmc.o
                0x00000000080083fc                FSMC_NORSRAM_Extended_Timing_Init
 .text.__errno  0x000000000800847c        0xc c:/st/stm32cubeide_1.7.0/stm32cubeide/plugins/com.st.stm32cube.ide.mcu.externaltools.gnu-tools-for-stm32.9-2020-q2-update.win32_2.0.0.202105311346/tools/bin/../lib/gcc/arm-none-eabi/9.3.1/../../../../arm-none-eabi/lib/thumb/v7e-m+fp/hard\libc_nano.a(lib_a-errno.o)
                0x000000000800847c                __errno
 .text.__libc_init_array
                0x0000000008008488       0x48 c:/st/stm32cubeide_1.7.0/stm32cubeide/plugins/com.st.stm32cube.ide.mcu.externaltools.gnu-tools-for-stm32.9-2020-q2-update.win32_2.0.0.202105311346/tools/bin/../lib/gcc/arm-none-eabi/9.3.1/../../../../arm-none-eabi/lib/thumb/v7e-m+fp/hard\libc_nano.a(lib_a-init.o)
                0x0000000008008488                __libc_init_array
 .text.memset   0x00000000080084d0       0x10 c:/st/stm32cubeide_1.7.0/stm32cubeide/plugins/com.st.stm32cube.ide.mcu.externaltools.gnu-tools-for-stm32.9-2020-q2-update.win32_2.0.0.202105311346/tools/bin/../lib/gcc/arm-none-eabi/9.3.1/../../../../arm-none-eabi/lib/thumb/v7e-m+fp/hard\libc_nano.a(lib_a-memset.o)
                0x00000000080084d0                memset
 .text.sprintf  0x00000000080084e0       0x40 c:/st/stm32cubeide_1.7.0/stm32cubeide/plugins/com.st.stm32cube.ide.mcu.externaltools.gnu-tools-for-stm32.9-2020-q2-update.win32_2.0.0.202105311346/tools/bin/../lib/gcc/arm-none-eabi/9.3.1/../../../../arm-none-eabi/lib/thumb/v7e-m+fp/hard\libc_nano.a(lib_a-sprintf.o)
                0x00000000080084e0                siprintf
                0x00000000080084e0                sprintf
 .text.__ssputs_r
                0x0000000008008520       0xb6 c:/st/stm32cubeide_1.7.0/stm32cubeide/plugins/com.st.stm32cube.ide.mcu.externaltools.gnu-tools-for-stm32.9-2020-q2-update.win32_2.0.0.202105311346/tools/bin/../lib/gcc/arm-none-eabi/9.3.1/../../../../arm-none-eabi/lib/thumb/v7e-m+fp/hard\libc_nano.a(lib_a-nano-svfprintf.o)
                0x0000000008008520                __ssputs_r
 *fill*         0x00000000080085d6        0x2 
 .text._svfprintf_r
                0x00000000080085d8      0x200 c:/st/stm32cubeide_1.7.0/stm32cubeide/plugins/com.st.stm32cube.ide.mcu.externaltools.gnu-tools-for-stm32.9-2020-q2-update.win32_2.0.0.202105311346/tools/bin/../lib/gcc/arm-none-eabi/9.3.1/../../../../arm-none-eabi/lib/thumb/v7e-m+fp/hard\libc_nano.a(lib_a-nano-svfprintf.o)
                0x00000000080085d8                _svfiprintf_r
                0x00000000080085d8                _svfprintf_r
 .text._printf_common
                0x00000000080087d8       0xda c:/st/stm32cubeide_1.7.0/stm32cubeide/plugins/com.st.stm32cube.ide.mcu.externaltools.gnu-tools-for-stm32.9-2020-q2-update.win32_2.0.0.202105311346/tools/bin/../lib/gcc/arm-none-eabi/9.3.1/../../../../arm-none-eabi/lib/thumb/v7e-m+fp/hard\libc_nano.a(lib_a-nano-vfprintf_i.o)
                0x00000000080087d8                _printf_common
 *fill*         0x00000000080088b2        0x2 
 .text._printf_i
                0x00000000080088b4      0x24c c:/st/stm32cubeide_1.7.0/stm32cubeide/plugins/com.st.stm32cube.ide.mcu.externaltools.gnu-tools-for-stm32.9-2020-q2-update.win32_2.0.0.202105311346/tools/bin/../lib/gcc/arm-none-eabi/9.3.1/../../../../arm-none-eabi/lib/thumb/v7e-m+fp/hard\libc_nano.a(lib_a-nano-vfprintf_i.o)
                0x00000000080088b4                _printf_i
 .text.memcpy   0x0000000008008b00       0x1c c:/st/stm32cubeide_1.7.0/stm32cubeide/plugins/com.st.stm32cube.ide.mcu.externaltools.gnu-tools-for-stm32.9-2020-q2-update.win32_2.0.0.202105311346/tools/bin/../lib/gcc/arm-none-eabi/9.3.1/../../../../arm-none-eabi/lib/thumb/v7e-m+fp/hard\libc_nano.a(lib_a-memcpy-stub.o)
                0x0000000008008b00                memcpy
 .text.memmove  0x0000000008008b1c       0x34 c:/st/stm32cubeide_1.7.0/stm32cubeide/plugins/com.st.stm32cube.ide.mcu.externaltools.gnu-tools-for-stm32.9-2020-q2-update.win32_2.0.0.202105311346/tools/bin/../lib/gcc/arm-none-eabi/9.3.1/../../../../arm-none-eabi/lib/thumb/v7e-m+fp/hard\libc_nano.a(lib_a-memmove.o)
                0x0000000008008b1c                memmove
 .text._free_r  0x0000000008008b50       0xa0 c:/st/stm32cubeide_1.7.0/stm32cubeide/plugins/com.st.stm32cube.ide.mcu.externaltools.gnu-tools-for-stm32.9-2020-q2-update.win32_2.0.0.202105311346/tools/bin/../lib/gcc/arm-none-eabi/9.3.1/../../../../arm-none-eabi/lib/thumb/v7e-m+fp/hard\libc_nano.a(lib_a-nano-freer.o)
                0x0000000008008b50                _free_r
 .text._malloc_r
                0x0000000008008bf0       0xb4 c:/st/stm32cubeide_1.7.0/stm32cubeide/plugins/com.st.stm32cube.ide.mcu.externaltools.gnu-tools-for-stm32.9-2020-q2-update.win32_2.0.0.202105311346/tools/bin/../lib/gcc/arm-none-eabi/9.3.1/../../../../arm-none-eabi/lib/thumb/v7e-m+fp/hard\libc_nano.a(lib_a-nano-mallocr.o)
                0x0000000008008bf0                _malloc_r
 .text._realloc_r
                0x0000000008008ca4       0x4c c:/st/stm32cubeide_1.7.0/stm32cubeide/plugins/com.st.stm32cube.ide.mcu.externaltools.gnu-tools-for-stm32.9-2020-q2-update.win32_2.0.0.202105311346/tools/bin/../lib/gcc/arm-none-eabi/9.3.1/../../../../arm-none-eabi/lib/thumb/v7e-m+fp/hard\libc_nano.a(lib_a-nano-reallocr.o)
                0x0000000008008ca4                _realloc_r
 .text._sbrk_r  0x0000000008008cf0       0x20 c:/st/stm32cubeide_1.7.0/stm32cubeide/plugins/com.st.stm32cube.ide.mcu.externaltools.gnu-tools-for-stm32.9-2020-q2-update.win32_2.0.0.202105311346/tools/bin/../lib/gcc/arm-none-eabi/9.3.1/../../../../arm-none-eabi/lib/thumb/v7e-m+fp/hard\libc_nano.a(lib_a-sbrkr.o)
                0x0000000008008cf0                _sbrk_r
 .text.__malloc_lock
                0x0000000008008d10        0xc c:/st/stm32cubeide_1.7.0/stm32cubeide/plugins/com.st.stm32cube.ide.mcu.externaltools.gnu-tools-for-stm32.9-2020-q2-update.win32_2.0.0.202105311346/tools/bin/../lib/gcc/arm-none-eabi/9.3.1/../../../../arm-none-eabi/lib/thumb/v7e-m+fp/hard\libc_nano.a(lib_a-mlock.o)
                0x0000000008008d10                __malloc_lock
 .text.__malloc_unlock
                0x0000000008008d1c        0xc c:/st/stm32cubeide_1.7.0/stm32cubeide/plugins/com.st.stm32cube.ide.mcu.externaltools.gnu-tools-for-stm32.9-2020-q2-update.win32_2.0.0.202105311346/tools/bin/../lib/gcc/arm-none-eabi/9.3.1/../../../../arm-none-eabi/lib/thumb/v7e-m+fp/hard\libc_nano.a(lib_a-mlock.o)
                0x0000000008008d1c                __malloc_unlock
 .text._malloc_usable_size_r
                0x0000000008008d28       0x10 c:/st/stm32cubeide_1.7.0/stm32cubeide/plugins/com.st.stm32cube.ide.mcu.externaltools.gnu-tools-for-stm32.9-2020-q2-update.win32_2.0.0.202105311346/tools/bin/../lib/gcc/arm-none-eabi/9.3.1/../../../../arm-none-eabi/lib/thumb/v7e-m+fp/hard\libc_nano.a(lib_a-nano-msizer.o)
                0x0000000008008d28                _malloc_usable_size_r
 .text.__retarget_lock_acquire_recursive
                0x0000000008008d38        0x2 c:/st/stm32cubeide_1.7.0/stm32cubeide/plugins/com.st.stm32cube.ide.mcu.externaltools.gnu-tools-for-stm32.9-2020-q2-update.win32_2.0.0.202105311346/tools/bin/../lib/gcc/arm-none-eabi/9.3.1/../../../../arm-none-eabi/lib/thumb/v7e-m+fp/hard\libc_nano.a(lib_a-lock.o)
                0x0000000008008d38                __retarget_lock_acquire_recursive
 .text.__retarget_lock_release_recursive
                0x0000000008008d3a        0x2 c:/st/stm32cubeide_1.7.0/stm32cubeide/plugins/com.st.stm32cube.ide.mcu.externaltools.gnu-tools-for-stm32.9-2020-q2-update.win32_2.0.0.202105311346/tools/bin/../lib/gcc/arm-none-eabi/9.3.1/../../../../arm-none-eabi/lib/thumb/v7e-m+fp/hard\libc_nano.a(lib_a-lock.o)
                0x0000000008008d3a                __retarget_lock_release_recursive
 *(.glue_7)
 .glue_7        0x0000000008008d3c        0x0 linker stubs
 *(.glue_7t)
 .glue_7t       0x0000000008008d3c        0x0 linker stubs
 *(.eh_frame)
 .eh_frame      0x0000000008008d3c        0x0 c:/st/stm32cubeide_1.7.0/stm32cubeide/plugins/com.st.stm32cube.ide.mcu.externaltools.gnu-tools-for-stm32.9-2020-q2-update.win32_2.0.0.202105311346/tools/bin/../lib/gcc/arm-none-eabi/9.3.1/thumb/v7e-m+fp/hard/crtbegin.o
 *(.init)
 .init          0x0000000008008d3c        0x4 c:/st/stm32cubeide_1.7.0/stm32cubeide/plugins/com.st.stm32cube.ide.mcu.externaltools.gnu-tools-for-stm32.9-2020-q2-update.win32_2.0.0.202105311346/tools/bin/../lib/gcc/arm-none-eabi/9.3.1/thumb/v7e-m+fp/hard/crti.o
                0x0000000008008d3c                _init
 .init          0x0000000008008d40        0x8 c:/st/stm32cubeide_1.7.0/stm32cubeide/plugins/com.st.stm32cube.ide.mcu.externaltools.gnu-tools-for-stm32.9-2020-q2-update.win32_2.0.0.202105311346/tools/bin/../lib/gcc/arm-none-eabi/9.3.1/thumb/v7e-m+fp/hard/crtn.o
 *(.fini)
 .fini          0x0000000008008d48        0x4 c:/st/stm32cubeide_1.7.0/stm32cubeide/plugins/com.st.stm32cube.ide.mcu.externaltools.gnu-tools-for-stm32.9-2020-q2-update.win32_2.0.0.202105311346/tools/bin/../lib/gcc/arm-none-eabi/9.3.1/thumb/v7e-m+fp/hard/crti.o
                0x0000000008008d48                _fini
 .fini          0x0000000008008d4c        0x8 c:/st/stm32cubeide_1.7.0/stm32cubeide/plugins/com.st.stm32cube.ide.mcu.externaltools.gnu-tools-for-stm32.9-2020-q2-update.win32_2.0.0.202105311346/tools/bin/../lib/gcc/arm-none-eabi/9.3.1/thumb/v7e-m+fp/hard/crtn.o
                0x0000000008008d54                . = ALIGN (0x4)
                0x0000000008008d54                _etext = .

.vfp11_veneer   0x0000000008008d54        0x0
 .vfp11_veneer  0x0000000008008d54        0x0 linker stubs

.v4_bx          0x0000000008008d54        0x0
 .v4_bx         0x0000000008008d54        0x0 linker stubs

.iplt           0x0000000008008d54        0x0
 .iplt          0x0000000008008d54        0x0 c:/st/stm32cubeide_1.7.0/stm32cubeide/plugins/com.st.stm32cube.ide.mcu.externaltools.gnu-tools-for-stm32.9-2020-q2-update.win32_2.0.0.202105311346/tools/bin/../lib/gcc/arm-none-eabi/9.3.1/thumb/v7e-m+fp/hard/crtbegin.o

.rodata         0x0000000008008d54     0x3084
                0x0000000008008d54                . = ALIGN (0x4)
 *(.rodata)
 .rodata        0x0000000008008d54       0x99 ./Core/Src/system.o
 *fill*         0x0000000008008ded        0x3 
 .rodata        0x0000000008008df0       0x12 ./Core/Src/uart.o
 *(.rodata*)
 *fill*         0x0000000008008e02        0x2 
 .rodata.ascii_1608
                0x0000000008008e04      0x5f0 ./Core/Src/lcd.o
                0x0000000008008e04                ascii_1608
 .rodata.ascii_2412
                0x00000000080093f4     0x11d0 ./Core/Src/lcd.o
                0x00000000080093f4                ascii_2412
 .rodata.ascii_3216
                0x000000000800a5c4     0x17c0 ./Core/Src/lcd.o
                0x000000000800a5c4                ascii_3216
 .rodata.AHBPrescTable
                0x000000000800bd84       0x10 ./Core/Src/system_stm32f4xx.o
                0x000000000800bd84                AHBPrescTable
 .rodata.APBPrescTable
                0x000000000800bd94        0x8 ./Core/Src/system_stm32f4xx.o
                0x000000000800bd94                APBPrescTable
 .rodata.flagBitshiftOffset.9376
                0x000000000800bd9c        0x8 ./Drivers/STM32F4xx_HAL_Driver/Src/stm32f4xx_hal_dma.o
 .rodata._svfprintf_r.str1.1
                0x000000000800bda4       0x11 c:/st/stm32cubeide_1.7.0/stm32cubeide/plugins/com.st.stm32cube.ide.mcu.externaltools.gnu-tools-for-stm32.9-2020-q2-update.win32_2.0.0.202105311346/tools/bin/../lib/gcc/arm-none-eabi/9.3.1/../../../../arm-none-eabi/lib/thumb/v7e-m+fp/hard\libc_nano.a(lib_a-nano-svfprintf.o)
 .rodata._printf_i.str1.1
                0x000000000800bdb5       0x22 c:/st/stm32cubeide_1.7.0/stm32cubeide/plugins/com.st.stm32cube.ide.mcu.externaltools.gnu-tools-for-stm32.9-2020-q2-update.win32_2.0.0.202105311346/tools/bin/../lib/gcc/arm-none-eabi/9.3.1/../../../../arm-none-eabi/lib/thumb/v7e-m+fp/hard\libc_nano.a(lib_a-nano-vfprintf_i.o)
                0x000000000800bdd8                . = ALIGN (0x4)
 *fill*         0x000000000800bdd7        0x1 

.ARM.extab      0x000000000800bdd8        0x0
                0x000000000800bdd8                . = ALIGN (0x4)
 *(.ARM.extab* .gnu.linkonce.armextab.*)
                0x000000000800bdd8                . = ALIGN (0x4)

.ARM            0x000000000800bdd8        0x8
                0x000000000800bdd8                . = ALIGN (0x4)
                0x000000000800bdd8                __exidx_start = .
 *(.ARM.exidx*)
 .ARM.exidx     0x000000000800bdd8        0x8 c:/st/stm32cubeide_1.7.0/stm32cubeide/plugins/com.st.stm32cube.ide.mcu.externaltools.gnu-tools-for-stm32.9-2020-q2-update.win32_2.0.0.202105311346/tools/bin/../lib/gcc/arm-none-eabi/9.3.1/thumb/v7e-m+fp/hard\libgcc.a(_udivmoddi4.o)
                0x000000000800bde0                __exidx_end = .
                0x000000000800bde0                . = ALIGN (0x4)

.rel.dyn        0x000000000800bde0        0x0
 .rel.iplt      0x000000000800bde0        0x0 c:/st/stm32cubeide_1.7.0/stm32cubeide/plugins/com.st.stm32cube.ide.mcu.externaltools.gnu-tools-for-stm32.9-2020-q2-update.win32_2.0.0.202105311346/tools/bin/../lib/gcc/arm-none-eabi/9.3.1/thumb/v7e-m+fp/hard/crtbegin.o

.preinit_array  0x000000000800bde0        0x0
                0x000000000800bde0                . = ALIGN (0x4)
                0x000000000800bde0                PROVIDE (__preinit_array_start = .)
 *(.preinit_array*)
                0x000000000800bde0                PROVIDE (__preinit_array_end = .)
                0x000000000800bde0                . = ALIGN (0x4)

.init_array     0x000000000800bde0        0x4
                0x000000000800bde0                . = ALIGN (0x4)
                0x000000000800bde0                PROVIDE (__init_array_start = .)
 *(SORT_BY_NAME(.init_array.*))
 *(.init_array*)
 .init_array    0x000000000800bde0        0x4 c:/st/stm32cubeide_1.7.0/stm32cubeide/plugins/com.st.stm32cube.ide.mcu.externaltools.gnu-tools-for-stm32.9-2020-q2-update.win32_2.0.0.202105311346/tools/bin/../lib/gcc/arm-none-eabi/9.3.1/thumb/v7e-m+fp/hard/crtbegin.o
                0x000000000800bde4                PROVIDE (__init_array_end = .)
                0x000000000800bde4                . = ALIGN (0x4)

.fini_array     0x000000000800bde4        0x4
                0x000000000800bde4                . = ALIGN (0x4)
                [!provide]                        PROVIDE (__fini_array_start = .)
 *(SORT_BY_NAME(.fini_array.*))
 *(.fini_array*)
 .fini_array    0x000000000800bde4        0x4 c:/st/stm32cubeide_1.7.0/stm32cubeide/plugins/com.st.stm32cube.ide.mcu.externaltools.gnu-tools-for-stm32.9-2020-q2-update.win32_2.0.0.202105311346/tools/bin/../lib/gcc/arm-none-eabi/9.3.1/thumb/v7e-m+fp/hard/crtbegin.o
                [!provide]                        PROVIDE (__fini_array_end = .)
                0x000000000800bde8                . = ALIGN (0x4)
                0x000000000800bde8                _sidata = LOADADDR (.data)

.data           0x0000000020000000       0x7c load address 0x000000000800bde8
                0x0000000020000000                . = ALIGN (0x4)
                0x0000000020000000                _sdata = .
 *(.data)
 *(.data*)
 .data.volval   0x0000000020000000        0x4 ./Core/Src/system.o
                0x0000000020000000                volval
 .data.grid_split
                0x0000000020000004        0x1 ./Core/Src/system.o
                0x0000000020000004                grid_split
 *fill*         0x0000000020000005        0x1 
 .data.time_range
                0x0000000020000006        0x2 ./Core/Src/system.o
                0x0000000020000006                time_range
 .data.max_power
                0x0000000020000008        0x4 ./Core/Src/system.o
                0x0000000020000008                max_power
 .data.SystemCoreClock
                0x000000002000000c        0x4 ./Core/Src/system_stm32f4xx.o
                0x000000002000000c                SystemCoreClock
 .data.uwTickPrio
                0x0000000020000010        0x4 ./Drivers/STM32F4xx_HAL_Driver/Src/stm32f4xx_hal.o
                0x0000000020000010                uwTickPrio
 .data.uwTickFreq
                0x0000000020000014        0x1 ./Drivers/STM32F4xx_HAL_Driver/Src/stm32f4xx_hal.o
                0x0000000020000014                uwTickFreq
 *fill*         0x0000000020000015        0x3 
 .data._impure_ptr
                0x0000000020000018        0x4 c:/st/stm32cubeide_1.7.0/stm32cubeide/plugins/com.st.stm32cube.ide.mcu.externaltools.gnu-tools-for-stm32.9-2020-q2-update.win32_2.0.0.202105311346/tools/bin/../lib/gcc/arm-none-eabi/9.3.1/../../../../arm-none-eabi/lib/thumb/v7e-m+fp/hard\libc_nano.a(lib_a-impure.o)
                0x0000000020000018                _impure_ptr
 .data.impure_data
                0x000000002000001c       0x60 c:/st/stm32cubeide_1.7.0/stm32cubeide/plugins/com.st.stm32cube.ide.mcu.externaltools.gnu-tools-for-stm32.9-2020-q2-update.win32_2.0.0.202105311346/tools/bin/../lib/gcc/arm-none-eabi/9.3.1/../../../../arm-none-eabi/lib/thumb/v7e-m+fp/hard\libc_nano.a(lib_a-impure.o)
 *(.RamFunc)
 *(.RamFunc*)
                0x000000002000007c                . = ALIGN (0x4)
                0x000000002000007c                _edata = .
                0x000000000800be64                _siccmram = LOADADDR (.ccmram)

.igot.plt       0x000000002000007c        0x0 load address 0x000000000800be64
 .igot.plt      0x000000002000007c        0x0 c:/st/stm32cubeide_1.7.0/stm32cubeide/plugins/com.st.stm32cube.ide.mcu.externaltools.gnu-tools-for-stm32.9-2020-q2-update.win32_2.0.0.202105311346/tools/bin/../lib/gcc/arm-none-eabi/9.3.1/thumb/v7e-m+fp/hard/crtbegin.o

.ccmram         0x0000000010000000        0x0 load address 0x000000000800be64
                0x0000000010000000                . = ALIGN (0x4)
                0x0000000010000000                _sccmram = .
 *(.ccmram)
 *(.ccmram*)
                0x0000000010000000                . = ALIGN (0x4)
                0x0000000010000000                _eccmram = .
                0x0000000010000000                . = ALIGN (0x4)

.bss            0x000000002000007c      0x570
                0x000000002000007c                _sbss = .
                0x000000002000007c                __bss_start__ = _sbss
 *(.bss)
 .bss           0x000000002000007c       0x1c c:/st/stm32cubeide_1.7.0/stm32cubeide/plugins/com.st.stm32cube.ide.mcu.externaltools.gnu-tools-for-stm32.9-2020-q2-update.win32_2.0.0.202105311346/tools/bin/../lib/gcc/arm-none-eabi/9.3.1/thumb/v7e-m+fp/hard/crtbegin.o
 *(.bss*)
 .bss.spi_button
                0x0000000020000098        0x2 ./Core/Src/button.o
                0x0000000020000098                spi_button
 .bss.duty_cycle
                0x000000002000009a        0x1 ./Core/Src/buzzer.o
                0x000000002000009a                duty_cycle
 *fill*         0x000000002000009b        0x1 
 .bss.FSMC_Initialized
                0x000000002000009c        0x4 ./Core/Src/fsmc.o
 .bss.__sbrk_heap_end
                0x00000000200000a0        0x4 ./Core/Src/sysmem.o
 .bss.isnotify  0x00000000200000a4        0x1 ./Core/Src/system.o
                0x00000000200000a4                isnotify
 *fill*         0x00000000200000a5        0x3 
 .bss.power_samples
                0x00000000200000a8      0x190 ./Core/Src/system.o
                0x00000000200000a8                power_samples
 .bss.receive_buffer1
                0x0000000020000238        0x1 ./Core/Src/uart.o
                0x0000000020000238                receive_buffer1
 *fill*         0x0000000020000239        0x3 
 .bss.__malloc_free_list
                0x000000002000023c        0x4 c:/st/stm32cubeide_1.7.0/stm32cubeide/plugins/com.st.stm32cube.ide.mcu.externaltools.gnu-tools-for-stm32.9-2020-q2-update.win32_2.0.0.202105311346/tools/bin/../lib/gcc/arm-none-eabi/9.3.1/../../../../arm-none-eabi/lib/thumb/v7e-m+fp/hard\libc_nano.a(lib_a-nano-mallocr.o)
                0x000000002000023c                __malloc_free_list
 .bss.__malloc_sbrk_start
                0x0000000020000240        0x4 c:/st/stm32cubeide_1.7.0/stm32cubeide/plugins/com.st.stm32cube.ide.mcu.externaltools.gnu-tools-for-stm32.9-2020-q2-update.win32_2.0.0.202105311346/tools/bin/../lib/gcc/arm-none-eabi/9.3.1/../../../../arm-none-eabi/lib/thumb/v7e-m+fp/hard\libc_nano.a(lib_a-nano-mallocr.o)
                0x0000000020000240                __malloc_sbrk_start
 *(COMMON)
 COMMON         0x0000000020000244       0xa8 ./Core/Src/adc.o
                0x0000000020000244                hadc1
                0x000000002000028c                hdma_adc1
 COMMON         0x00000000200002ec       0x20 ./Core/Src/button.o
                0x00000000200002ec                button_count
 COMMON         0x000000002000030c        0xf ./Core/Src/ds3231.o
                0x000000002000030c                ds3231_sec
                0x000000002000030d                ds3231_year
                0x000000002000030e                ds3231_min
                0x000000002000030f                ds3231_date
                0x0000000020000310                ds3231_day
                0x0000000020000311                ds3231_hours
                0x0000000020000312                ds3231_month
                0x0000000020000314                ds3231_buffer
 *fill*         0x000000002000031b        0x1 
 COMMON         0x000000002000031c       0x50 ./Core/Src/fsmc.o
                0x000000002000031c                hsram1
 COMMON         0x000000002000036c       0x54 ./Core/Src/i2c.o
                0x000000002000036c                hi2c1
 COMMON         0x00000000200003c0       0x3a ./Core/Src/lcd.o
                0x00000000200003c0                lcddev
                0x00000000200003c8                s
 *fill*         0x00000000200003fa        0x2 
 COMMON         0x00000000200003fc       0x18 ./Core/Src/my_display.o
                0x00000000200003fc                box
 COMMON         0x0000000020000414        0xa ./Core/Src/sensor.o
                0x0000000020000414                adc_receive
 *fill*         0x000000002000041e        0x2 
 COMMON         0x0000000020000420       0x28 ./Core/Src/software_timer.o
                0x0000000020000420                timer
 COMMON         0x0000000020000448       0x58 ./Core/Src/spi.o
                0x0000000020000448                hspi1
 COMMON         0x00000000200004a0       0x90 ./Core/Src/tim.o
                0x00000000200004a0                htim13
                0x00000000200004e8                htim2
 COMMON         0x0000000020000530       0x64 ./Core/Src/uart.o
                0x0000000020000530                msg
 COMMON         0x0000000020000594       0x44 ./Core/Src/usart.o
                0x0000000020000594                huart1
 COMMON         0x00000000200005d8        0x4 ./Drivers/STM32F4xx_HAL_Driver/Src/stm32f4xx_hal.o
                0x00000000200005d8                uwTick
 COMMON         0x00000000200005dc        0x4 c:/st/stm32cubeide_1.7.0/stm32cubeide/plugins/com.st.stm32cube.ide.mcu.externaltools.gnu-tools-for-stm32.9-2020-q2-update.win32_2.0.0.202105311346/tools/bin/../lib/gcc/arm-none-eabi/9.3.1/../../../../arm-none-eabi/lib/thumb/v7e-m+fp/hard\libc_nano.a(lib_a-reent.o)
                0x00000000200005dc                errno
 COMMON         0x00000000200005e0        0x9 c:/st/stm32cubeide_1.7.0/stm32cubeide/plugins/com.st.stm32cube.ide.mcu.externaltools.gnu-tools-for-stm32.9-2020-q2-update.win32_2.0.0.202105311346/tools/bin/../lib/gcc/arm-none-eabi/9.3.1/../../../../arm-none-eabi/lib/thumb/v7e-m+fp/hard\libc_nano.a(lib_a-lock.o)
                0x00000000200005e0                __lock___atexit_recursive_mutex
                0x00000000200005e1                __lock___arc4random_mutex
                0x00000000200005e2                __lock___env_recursive_mutex
                0x00000000200005e3                __lock___sinit_recursive_mutex
                0x00000000200005e4                __lock___malloc_recursive_mutex
                0x00000000200005e5                __lock___at_quick_exit_mutex
                0x00000000200005e6                __lock___dd_hash_mutex
                0x00000000200005e7                __lock___tz_mutex
                0x00000000200005e8                __lock___sfp_recursive_mutex
                0x00000000200005ec                . = ALIGN (0x4)
 *fill*         0x00000000200005e9        0x3 
                0x00000000200005ec                _ebss = .
                0x00000000200005ec                __bss_end__ = _ebss

._user_heap_stack
                0x00000000200005ec      0x604
                0x00000000200005f0                . = ALIGN (0x8)
 *fill*         0x00000000200005ec        0x4 
                [!provide]                        PROVIDE (end = .)
                0x00000000200005f0                PROVIDE (_end = .)
                0x00000000200007f0                . = (. + _Min_Heap_Size)
 *fill*         0x00000000200005f0      0x200 
                0x0000000020000bf0                . = (. + _Min_Stack_Size)
 *fill*         0x00000000200007f0      0x400 
                0x0000000020000bf0                . = ALIGN (0x8)

/DISCARD/
 libc.a(*)
 libm.a(*)
 libgcc.a(*)

.ARM.attributes
                0x0000000000000000       0x30
 *(.ARM.attributes)
 .ARM.attributes
                0x0000000000000000       0x1e c:/st/stm32cubeide_1.7.0/stm32cubeide/plugins/com.st.stm32cube.ide.mcu.externaltools.gnu-tools-for-stm32.9-2020-q2-update.win32_2.0.0.202105311346/tools/bin/../lib/gcc/arm-none-eabi/9.3.1/thumb/v7e-m+fp/hard/crti.o
 .ARM.attributes
                0x000000000000001e       0x34 c:/st/stm32cubeide_1.7.0/stm32cubeide/plugins/com.st.stm32cube.ide.mcu.externaltools.gnu-tools-for-stm32.9-2020-q2-update.win32_2.0.0.202105311346/tools/bin/../lib/gcc/arm-none-eabi/9.3.1/thumb/v7e-m+fp/hard/crtbegin.o
 .ARM.attributes
                0x0000000000000052       0x34 ./Core/Src/adc.o
 .ARM.attributes
                0x0000000000000086       0x34 ./Core/Src/button.o
 .ARM.attributes
                0x00000000000000ba       0x34 ./Core/Src/buzzer.o
 .ARM.attributes
                0x00000000000000ee       0x34 ./Core/Src/dma.o
 .ARM.attributes
                0x0000000000000122       0x34 ./Core/Src/ds3231.o
 .ARM.attributes
                0x0000000000000156       0x34 ./Core/Src/fsmc.o
 .ARM.attributes
                0x000000000000018a       0x34 ./Core/Src/gpio.o
 .ARM.attributes
                0x00000000000001be       0x34 ./Core/Src/i2c.o
 .ARM.attributes
                0x00000000000001f2       0x34 ./Core/Src/lcd.o
 .ARM.attributes
                0x0000000000000226       0x34 ./Core/Src/main.o
 .ARM.attributes
                0x000000000000025a       0x34 ./Core/Src/my_display.o
 .ARM.attributes
                0x000000000000028e       0x34 ./Core/Src/sensor.o
 .ARM.attributes
                0x00000000000002c2       0x34 ./Core/Src/software_timer.o
 .ARM.attributes
                0x00000000000002f6       0x34 ./Core/Src/spi.o
 .ARM.attributes
                0x000000000000032a       0x34 ./Core/Src/stm32f4xx_hal_msp.o
 .ARM.attributes
                0x000000000000035e       0x34 ./Core/Src/stm32f4xx_it.o
 .ARM.attributes
                0x0000000000000392       0x34 ./Core/Src/sysmem.o
 .ARM.attributes
                0x00000000000003c6       0x34 ./Core/Src/system.o
 .ARM.attributes
                0x00000000000003fa       0x34 ./Core/Src/system_stm32f4xx.o
 .ARM.attributes
                0x000000000000042e       0x34 ./Core/Src/tim.o
 .ARM.attributes
                0x0000000000000462       0x34 ./Core/Src/uart.o
 .ARM.attributes
                0x0000000000000496       0x34 ./Core/Src/usart.o
 .ARM.attributes
                0x00000000000004ca       0x34 ./Core/Src/utils.o
 .ARM.attributes
                0x00000000000004fe       0x21 ./Core/Startup/startup_stm32f407zetx.o
 .ARM.attributes
                0x000000000000051f       0x34 ./Drivers/STM32F4xx_HAL_Driver/Src/stm32f4xx_hal.o
 .ARM.attributes
                0x0000000000000553       0x34 ./Drivers/STM32F4xx_HAL_Driver/Src/stm32f4xx_hal_adc.o
 .ARM.attributes
                0x0000000000000587       0x34 ./Drivers/STM32F4xx_HAL_Driver/Src/stm32f4xx_hal_cortex.o
 .ARM.attributes
                0x00000000000005bb       0x34 ./Drivers/STM32F4xx_HAL_Driver/Src/stm32f4xx_hal_dma.o
 .ARM.attributes
                0x00000000000005ef       0x34 ./Drivers/STM32F4xx_HAL_Driver/Src/stm32f4xx_hal_gpio.o
 .ARM.attributes
                0x0000000000000623       0x34 ./Drivers/STM32F4xx_HAL_Driver/Src/stm32f4xx_hal_i2c.o
 .ARM.attributes
                0x0000000000000657       0x34 ./Drivers/STM32F4xx_HAL_Driver/Src/stm32f4xx_hal_rcc.o
 .ARM.attributes
                0x000000000000068b       0x34 ./Drivers/STM32F4xx_HAL_Driver/Src/stm32f4xx_hal_spi.o
 .ARM.attributes
                0x00000000000006bf       0x34 ./Drivers/STM32F4xx_HAL_Driver/Src/stm32f4xx_hal_sram.o
 .ARM.attributes
                0x00000000000006f3       0x34 ./Drivers/STM32F4xx_HAL_Driver/Src/stm32f4xx_hal_tim.o
 .ARM.attributes
                0x0000000000000727       0x34 ./Drivers/STM32F4xx_HAL_Driver/Src/stm32f4xx_hal_tim_ex.o
 .ARM.attributes
                0x000000000000075b       0x34 ./Drivers/STM32F4xx_HAL_Driver/Src/stm32f4xx_hal_uart.o
 .ARM.attributes
                0x000000000000078f       0x34 ./Drivers/STM32F4xx_HAL_Driver/Src/stm32f4xx_ll_fsmc.o
 .ARM.attributes
                0x00000000000007c3       0x34 c:/st/stm32cubeide_1.7.0/stm32cubeide/plugins/com.st.stm32cube.ide.mcu.externaltools.gnu-tools-for-stm32.9-2020-q2-update.win32_2.0.0.202105311346/tools/bin/../lib/gcc/arm-none-eabi/9.3.1/../../../../arm-none-eabi/lib/thumb/v7e-m+fp/hard\libc_nano.a(lib_a-errno.o)
 .ARM.attributes
                0x00000000000007f7       0x32 c:/st/stm32cubeide_1.7.0/stm32cubeide/plugins/com.st.stm32cube.ide.mcu.externaltools.gnu-tools-for-stm32.9-2020-q2-update.win32_2.0.0.202105311346/tools/bin/../lib/gcc/arm-none-eabi/9.3.1/../../../../arm-none-eabi/lib/thumb/v7e-m+fp/hard\libc_nano.a(lib_a-impure.o)
 .ARM.attributes
                0x0000000000000829       0x34 c:/st/stm32cubeide_1.7.0/stm32cubeide/plugins/com.st.stm32cube.ide.mcu.externaltools.gnu-tools-for-stm32.9-2020-q2-update.win32_2.0.0.202105311346/tools/bin/../lib/gcc/arm-none-eabi/9.3.1/../../../../arm-none-eabi/lib/thumb/v7e-m+fp/hard\libc_nano.a(lib_a-init.o)
 .ARM.attributes
                0x000000000000085d       0x34 c:/st/stm32cubeide_1.7.0/stm32cubeide/plugins/com.st.stm32cube.ide.mcu.externaltools.gnu-tools-for-stm32.9-2020-q2-update.win32_2.0.0.202105311346/tools/bin/../lib/gcc/arm-none-eabi/9.3.1/../../../../arm-none-eabi/lib/thumb/v7e-m+fp/hard\libc_nano.a(lib_a-memset.o)
 .ARM.attributes
                0x0000000000000891       0x34 c:/st/stm32cubeide_1.7.0/stm32cubeide/plugins/com.st.stm32cube.ide.mcu.externaltools.gnu-tools-for-stm32.9-2020-q2-update.win32_2.0.0.202105311346/tools/bin/../lib/gcc/arm-none-eabi/9.3.1/../../../../arm-none-eabi/lib/thumb/v7e-m+fp/hard\libc_nano.a(lib_a-sprintf.o)
 .ARM.attributes
                0x00000000000008c5       0x34 c:/st/stm32cubeide_1.7.0/stm32cubeide/plugins/com.st.stm32cube.ide.mcu.externaltools.gnu-tools-for-stm32.9-2020-q2-update.win32_2.0.0.202105311346/tools/bin/../lib/gcc/arm-none-eabi/9.3.1/../../../../arm-none-eabi/lib/thumb/v7e-m+fp/hard\libc_nano.a(lib_a-nano-svfprintf.o)
 .ARM.attributes
                0x00000000000008f9       0x34 c:/st/stm32cubeide_1.7.0/stm32cubeide/plugins/com.st.stm32cube.ide.mcu.externaltools.gnu-tools-for-stm32.9-2020-q2-update.win32_2.0.0.202105311346/tools/bin/../lib/gcc/arm-none-eabi/9.3.1/../../../../arm-none-eabi/lib/thumb/v7e-m+fp/hard\libc_nano.a(lib_a-nano-vfprintf_i.o)
 .ARM.attributes
                0x000000000000092d       0x1c c:/st/stm32cubeide_1.7.0/stm32cubeide/plugins/com.st.stm32cube.ide.mcu.externaltools.gnu-tools-for-stm32.9-2020-q2-update.win32_2.0.0.202105311346/tools/bin/../lib/gcc/arm-none-eabi/9.3.1/../../../../arm-none-eabi/lib/thumb/v7e-m+fp/hard\libc_nano.a(lib_a-memchr.o)
 .ARM.attributes
                0x0000000000000949       0x34 c:/st/stm32cubeide_1.7.0/stm32cubeide/plugins/com.st.stm32cube.ide.mcu.externaltools.gnu-tools-for-stm32.9-2020-q2-update.win32_2.0.0.202105311346/tools/bin/../lib/gcc/arm-none-eabi/9.3.1/../../../../arm-none-eabi/lib/thumb/v7e-m+fp/hard\libc_nano.a(lib_a-memcpy-stub.o)
 .ARM.attributes
                0x000000000000097d       0x34 c:/st/stm32cubeide_1.7.0/stm32cubeide/plugins/com.st.stm32cube.ide.mcu.externaltools.gnu-tools-for-stm32.9-2020-q2-update.win32_2.0.0.202105311346/tools/bin/../lib/gcc/arm-none-eabi/9.3.1/../../../../arm-none-eabi/lib/thumb/v7e-m+fp/hard\libc_nano.a(lib_a-memmove.o)
 .ARM.attributes
                0x00000000000009b1       0x34 c:/st/stm32cubeide_1.7.0/stm32cubeide/plugins/com.st.stm32cube.ide.mcu.externaltools.gnu-tools-for-stm32.9-2020-q2-update.win32_2.0.0.202105311346/tools/bin/../lib/gcc/arm-none-eabi/9.3.1/../../../../arm-none-eabi/lib/thumb/v7e-m+fp/hard\libc_nano.a(lib_a-nano-freer.o)
 .ARM.attributes
                0x00000000000009e5       0x34 c:/st/stm32cubeide_1.7.0/stm32cubeide/plugins/com.st.stm32cube.ide.mcu.externaltools.gnu-tools-for-stm32.9-2020-q2-update.win32_2.0.0.202105311346/tools/bin/../lib/gcc/arm-none-eabi/9.3.1/../../../../arm-none-eabi/lib/thumb/v7e-m+fp/hard\libc_nano.a(lib_a-nano-mallocr.o)
 .ARM.attributes
                0x0000000000000a19       0x34 c:/st/stm32cubeide_1.7.0/stm32cubeide/plugins/com.st.stm32cube.ide.mcu.externaltools.gnu-tools-for-stm32.9-2020-q2-update.win32_2.0.0.202105311346/tools/bin/../lib/gcc/arm-none-eabi/9.3.1/../../../../arm-none-eabi/lib/thumb/v7e-m+fp/hard\libc_nano.a(lib_a-nano-reallocr.o)
 .ARM.attributes
                0x0000000000000a4d       0x34 c:/st/stm32cubeide_1.7.0/stm32cubeide/plugins/com.st.stm32cube.ide.mcu.externaltools.gnu-tools-for-stm32.9-2020-q2-update.win32_2.0.0.202105311346/tools/bin/../lib/gcc/arm-none-eabi/9.3.1/../../../../arm-none-eabi/lib/thumb/v7e-m+fp/hard\libc_nano.a(lib_a-sbrkr.o)
 .ARM.attributes
                0x0000000000000a81       0x34 c:/st/stm32cubeide_1.7.0/stm32cubeide/plugins/com.st.stm32cube.ide.mcu.externaltools.gnu-tools-for-stm32.9-2020-q2-update.win32_2.0.0.202105311346/tools/bin/../lib/gcc/arm-none-eabi/9.3.1/../../../../arm-none-eabi/lib/thumb/v7e-m+fp/hard\libc_nano.a(lib_a-mlock.o)
 .ARM.attributes
                0x0000000000000ab5       0x34 c:/st/stm32cubeide_1.7.0/stm32cubeide/plugins/com.st.stm32cube.ide.mcu.externaltools.gnu-tools-for-stm32.9-2020-q2-update.win32_2.0.0.202105311346/tools/bin/../lib/gcc/arm-none-eabi/9.3.1/../../../../arm-none-eabi/lib/thumb/v7e-m+fp/hard\libc_nano.a(lib_a-nano-msizer.o)
 .ARM.attributes
                0x0000000000000ae9       0x34 c:/st/stm32cubeide_1.7.0/stm32cubeide/plugins/com.st.stm32cube.ide.mcu.externaltools.gnu-tools-for-stm32.9-2020-q2-update.win32_2.0.0.202105311346/tools/bin/../lib/gcc/arm-none-eabi/9.3.1/../../../../arm-none-eabi/lib/thumb/v7e-m+fp/hard\libc_nano.a(lib_a-reent.o)
 .ARM.attributes
                0x0000000000000b1d       0x34 c:/st/stm32cubeide_1.7.0/stm32cubeide/plugins/com.st.stm32cube.ide.mcu.externaltools.gnu-tools-for-stm32.9-2020-q2-update.win32_2.0.0.202105311346/tools/bin/../lib/gcc/arm-none-eabi/9.3.1/../../../../arm-none-eabi/lib/thumb/v7e-m+fp/hard\libc_nano.a(lib_a-lock.o)
 .ARM.attributes
                0x0000000000000b51       0x1e c:/st/stm32cubeide_1.7.0/stm32cubeide/plugins/com.st.stm32cube.ide.mcu.externaltools.gnu-tools-for-stm32.9-2020-q2-update.win32_2.0.0.202105311346/tools/bin/../lib/gcc/arm-none-eabi/9.3.1/thumb/v7e-m+fp/hard\libgcc.a(_arm_addsubdf3.o)
 .ARM.attributes
                0x0000000000000b6f       0x1e c:/st/stm32cubeide_1.7.0/stm32cubeide/plugins/com.st.stm32cube.ide.mcu.externaltools.gnu-tools-for-stm32.9-2020-q2-update.win32_2.0.0.202105311346/tools/bin/../lib/gcc/arm-none-eabi/9.3.1/thumb/v7e-m+fp/hard\libgcc.a(_arm_muldivdf3.o)
 .ARM.attributes
                0x0000000000000b8d       0x1e c:/st/stm32cubeide_1.7.0/stm32cubeide/plugins/com.st.stm32cube.ide.mcu.externaltools.gnu-tools-for-stm32.9-2020-q2-update.win32_2.0.0.202105311346/tools/bin/../lib/gcc/arm-none-eabi/9.3.1/thumb/v7e-m+fp/hard\libgcc.a(_arm_fixunsdfsi.o)
 .ARM.attributes
                0x0000000000000bab       0x1e c:/st/stm32cubeide_1.7.0/stm32cubeide/plugins/com.st.stm32cube.ide.mcu.externaltools.gnu-tools-for-stm32.9-2020-q2-update.win32_2.0.0.202105311346/tools/bin/../lib/gcc/arm-none-eabi/9.3.1/thumb/v7e-m+fp/hard\libgcc.a(_aeabi_uldivmod.o)
 .ARM.attributes
                0x0000000000000bc9       0x34 c:/st/stm32cubeide_1.7.0/stm32cubeide/plugins/com.st.stm32cube.ide.mcu.externaltools.gnu-tools-for-stm32.9-2020-q2-update.win32_2.0.0.202105311346/tools/bin/../lib/gcc/arm-none-eabi/9.3.1/thumb/v7e-m+fp/hard\libgcc.a(_udivmoddi4.o)
 .ARM.attributes
                0x0000000000000bfd       0x1e c:/st/stm32cubeide_1.7.0/stm32cubeide/plugins/com.st.stm32cube.ide.mcu.externaltools.gnu-tools-for-stm32.9-2020-q2-update.win32_2.0.0.202105311346/tools/bin/../lib/gcc/arm-none-eabi/9.3.1/thumb/v7e-m+fp/hard\libgcc.a(_dvmd_tls.o)
 .ARM.attributes
                0x0000000000000c1b       0x1e c:/st/stm32cubeide_1.7.0/stm32cubeide/plugins/com.st.stm32cube.ide.mcu.externaltools.gnu-tools-for-stm32.9-2020-q2-update.win32_2.0.0.202105311346/tools/bin/../lib/gcc/arm-none-eabi/9.3.1/thumb/v7e-m+fp/hard/crtn.o
OUTPUT(Bai6_ADC_PWM.elf elf32-littlearm)
LOAD linker stubs
LOAD c:/st/stm32cubeide_1.7.0/stm32cubeide/plugins/com.st.stm32cube.ide.mcu.externaltools.gnu-tools-for-stm32.9-2020-q2-update.win32_2.0.0.202105311346/tools/bin/../lib/gcc/arm-none-eabi/9.3.1/../../../../arm-none-eabi/lib/thumb/v7e-m+fp/hard\libc.a
LOAD c:/st/stm32cubeide_1.7.0/stm32cubeide/plugins/com.st.stm32cube.ide.mcu.externaltools.gnu-tools-for-stm32.9-2020-q2-update.win32_2.0.0.202105311346/tools/bin/../lib/gcc/arm-none-eabi/9.3.1/../../../../arm-none-eabi/lib/thumb/v7e-m+fp/hard\libm.a
LOAD c:/st/stm32cubeide_1.7.0/stm32cubeide/plugins/com.st.stm32cube.ide.mcu.externaltools.gnu-tools-for-stm32.9-2020-q2-update.win32_2.0.0.202105311346/tools/bin/../lib/gcc/arm-none-eabi/9.3.1/thumb/v7e-m+fp/hard\libgcc.a

.debug_info     0x0000000000000000    0x21be9
 .debug_info    0x0000000000000000      0xabd ./Core/Src/adc.o
 .debug_info    0x0000000000000abd      0xbae ./Core/Src/button.o
 .debug_info    0x000000000000166b      0x7a3 ./Core/Src/buzzer.o
 .debug_info    0x0000000000001e0e      0x59c ./Core/Src/dma.o
 .debug_info    0x00000000000023aa      0x839 ./Core/Src/ds3231.o
 .debug_info    0x0000000000002be3      0xa96 ./Core/Src/fsmc.o
 .debug_info    0x0000000000003679      0x586 ./Core/Src/gpio.o
 .debug_info    0x0000000000003bff      0xa7d ./Core/Src/i2c.o
 .debug_info    0x000000000000467c     0x1759 ./Core/Src/lcd.o
 .debug_info    0x0000000000005dd5     0x20fb ./Core/Src/main.o
 .debug_info    0x0000000000007ed0     0x129b ./Core/Src/my_display.o
 .debug_info    0x000000000000916b      0x744 ./Core/Src/sensor.o
 .debug_info    0x00000000000098af      0x860 ./Core/Src/software_timer.o
 .debug_info    0x000000000000a10f      0xa5a ./Core/Src/spi.o
 .debug_info    0x000000000000ab69      0x394 ./Core/Src/stm32f4xx_hal_msp.o
 .debug_info    0x000000000000aefd      0xa8d ./Core/Src/stm32f4xx_it.o
 .debug_info    0x000000000000b98a      0xa25 ./Core/Src/sysmem.o
 .debug_info    0x000000000000c3af     0x1b96 ./Core/Src/system.o
 .debug_info    0x000000000000df45      0x5a4 ./Core/Src/system_stm32f4xx.o
 .debug_info    0x000000000000e4e9      0xebe ./Core/Src/tim.o
 .debug_info    0x000000000000f3a7     0x1062 ./Core/Src/uart.o
 .debug_info    0x0000000000010409      0xc29 ./Core/Src/usart.o
 .debug_info    0x0000000000011032       0xd8 ./Core/Src/utils.o
 .debug_info    0x000000000001110a       0x22 ./Core/Startup/startup_stm32f407zetx.o
 .debug_info    0x000000000001112c      0x9b2 ./Drivers/STM32F4xx_HAL_Driver/Src/stm32f4xx_hal.o
 .debug_info    0x0000000000011ade      0xdbc ./Drivers/STM32F4xx_HAL_Driver/Src/stm32f4xx_hal_adc.o
 .debug_info    0x000000000001289a      0xed7 ./Drivers/STM32F4xx_HAL_Driver/Src/stm32f4xx_hal_cortex.o
 .debug_info    0x0000000000013771      0x9f1 ./Drivers/STM32F4xx_HAL_Driver/Src/stm32f4xx_hal_dma.o
 .debug_info    0x0000000000014162      0x83e ./Drivers/STM32F4xx_HAL_Driver/Src/stm32f4xx_hal_gpio.o
 .debug_info    0x00000000000149a0     0x264d ./Drivers/STM32F4xx_HAL_Driver/Src/stm32f4xx_hal_i2c.o
 .debug_info    0x0000000000016fed      0x996 ./Drivers/STM32F4xx_HAL_Driver/Src/stm32f4xx_hal_rcc.o
 .debug_info    0x0000000000017983     0x17c0 ./Drivers/STM32F4xx_HAL_Driver/Src/stm32f4xx_hal_spi.o
 .debug_info    0x0000000000019143      0xbab ./Drivers/STM32F4xx_HAL_Driver/Src/stm32f4xx_hal_sram.o
 .debug_info    0x0000000000019cee     0x2c22 ./Drivers/STM32F4xx_HAL_Driver/Src/stm32f4xx_hal_tim.o
 .debug_info    0x000000000001c910     0x15a2 ./Drivers/STM32F4xx_HAL_Driver/Src/stm32f4xx_hal_tim_ex.o
 .debug_info    0x000000000001deb2     0x31de ./Drivers/STM32F4xx_HAL_Driver/Src/stm32f4xx_hal_uart.o
 .debug_info    0x0000000000021090      0xb59 ./Drivers/STM32F4xx_HAL_Driver/Src/stm32f4xx_ll_fsmc.o

.debug_abbrev   0x0000000000000000     0x4827
 .debug_abbrev  0x0000000000000000      0x1ce ./Core/Src/adc.o
 .debug_abbrev  0x00000000000001ce      0x201 ./Core/Src/button.o
 .debug_abbrev  0x00000000000003cf      0x19a ./Core/Src/buzzer.o
 .debug_abbrev  0x0000000000000569      0x11b ./Core/Src/dma.o
 .debug_abbrev  0x0000000000000684      0x1a7 ./Core/Src/ds3231.o
 .debug_abbrev  0x000000000000082b      0x1e2 ./Core/Src/fsmc.o
 .debug_abbrev  0x0000000000000a0d      0x14e ./Core/Src/gpio.o
 .debug_abbrev  0x0000000000000b5b      0x1bb ./Core/Src/i2c.o
 .debug_abbrev  0x0000000000000d16      0x3aa ./Core/Src/lcd.o
 .debug_abbrev  0x00000000000010c0      0x272 ./Core/Src/main.o
 .debug_abbrev  0x0000000000001332      0x22d ./Core/Src/my_display.o
 .debug_abbrev  0x000000000000155f      0x19f ./Core/Src/sensor.o
 .debug_abbrev  0x00000000000016fe      0x1e7 ./Core/Src/software_timer.o
 .debug_abbrev  0x00000000000018e5      0x1bb ./Core/Src/spi.o
 .debug_abbrev  0x0000000000001aa0      0x11d ./Core/Src/stm32f4xx_hal_msp.o
 .debug_abbrev  0x0000000000001bbd      0x176 ./Core/Src/stm32f4xx_it.o
 .debug_abbrev  0x0000000000001d33      0x1bf ./Core/Src/sysmem.o
 .debug_abbrev  0x0000000000001ef2      0x2e4 ./Core/Src/system.o
 .debug_abbrev  0x00000000000021d6      0x145 ./Core/Src/system_stm32f4xx.o
 .debug_abbrev  0x000000000000231b      0x1d7 ./Core/Src/tim.o
 .debug_abbrev  0x00000000000024f2      0x280 ./Core/Src/uart.o
 .debug_abbrev  0x0000000000002772      0x1c4 ./Core/Src/usart.o
 .debug_abbrev  0x0000000000002936       0x87 ./Core/Src/utils.o
 .debug_abbrev  0x00000000000029bd       0x12 ./Core/Startup/startup_stm32f407zetx.o
 .debug_abbrev  0x00000000000029cf      0x1ed ./Drivers/STM32F4xx_HAL_Driver/Src/stm32f4xx_hal.o
 .debug_abbrev  0x0000000000002bbc      0x22f ./Drivers/STM32F4xx_HAL_Driver/Src/stm32f4xx_hal_adc.o
 .debug_abbrev  0x0000000000002deb      0x33c ./Drivers/STM32F4xx_HAL_Driver/Src/stm32f4xx_hal_cortex.o
 .debug_abbrev  0x0000000000003127      0x259 ./Drivers/STM32F4xx_HAL_Driver/Src/stm32f4xx_hal_dma.o
 .debug_abbrev  0x0000000000003380      0x1f1 ./Drivers/STM32F4xx_HAL_Driver/Src/stm32f4xx_hal_gpio.o
 .debug_abbrev  0x0000000000003571      0x282 ./Drivers/STM32F4xx_HAL_Driver/Src/stm32f4xx_hal_i2c.o
 .debug_abbrev  0x00000000000037f3      0x275 ./Drivers/STM32F4xx_HAL_Driver/Src/stm32f4xx_hal_rcc.o
 .debug_abbrev  0x0000000000003a68      0x26e ./Drivers/STM32F4xx_HAL_Driver/Src/stm32f4xx_hal_spi.o
 .debug_abbrev  0x0000000000003cd6      0x1f4 ./Drivers/STM32F4xx_HAL_Driver/Src/stm32f4xx_hal_sram.o
 .debug_abbrev  0x0000000000003eca      0x25e ./Drivers/STM32F4xx_HAL_Driver/Src/stm32f4xx_hal_tim.o
 .debug_abbrev  0x0000000000004128      0x266 ./Drivers/STM32F4xx_HAL_Driver/Src/stm32f4xx_hal_tim_ex.o
 .debug_abbrev  0x000000000000438e      0x2eb ./Drivers/STM32F4xx_HAL_Driver/Src/stm32f4xx_hal_uart.o
 .debug_abbrev  0x0000000000004679      0x1ae ./Drivers/STM32F4xx_HAL_Driver/Src/stm32f4xx_ll_fsmc.o

.debug_aranges  0x0000000000000000     0x1718
 .debug_aranges
                0x0000000000000000       0x30 ./Core/Src/adc.o
 .debug_aranges
                0x0000000000000030       0x38 ./Core/Src/button.o
 .debug_aranges
                0x0000000000000068       0x28 ./Core/Src/buzzer.o
 .debug_aranges
                0x0000000000000090       0x20 ./Core/Src/dma.o
 .debug_aranges
                0x00000000000000b0       0x30 ./Core/Src/ds3231.o
 .debug_aranges
                0x00000000000000e0       0x40 ./Core/Src/fsmc.o
 .debug_aranges
                0x0000000000000120       0x20 ./Core/Src/gpio.o
 .debug_aranges
                0x0000000000000140       0x30 ./Core/Src/i2c.o
 .debug_aranges
                0x0000000000000170       0xd8 ./Core/Src/lcd.o
 .debug_aranges
                0x0000000000000248       0x38 ./Core/Src/main.o
 .debug_aranges
                0x0000000000000280       0x60 ./Core/Src/my_display.o
 .debug_aranges
                0x00000000000002e0       0x50 ./Core/Src/sensor.o
 .debug_aranges
                0x0000000000000330       0x38 ./Core/Src/software_timer.o
 .debug_aranges
                0x0000000000000368       0x30 ./Core/Src/spi.o
 .debug_aranges
                0x0000000000000398       0x20 ./Core/Src/stm32f4xx_hal_msp.o
 .debug_aranges
                0x00000000000003b8       0x78 ./Core/Src/stm32f4xx_it.o
 .debug_aranges
                0x0000000000000430       0x20 ./Core/Src/sysmem.o
 .debug_aranges
                0x0000000000000450       0x48 ./Core/Src/system.o
 .debug_aranges
                0x0000000000000498       0x28 ./Core/Src/system_stm32f4xx.o
 .debug_aranges
                0x00000000000004c0       0x40 ./Core/Src/tim.o
 .debug_aranges
                0x0000000000000500       0x48 ./Core/Src/uart.o
 .debug_aranges
                0x0000000000000548       0x30 ./Core/Src/usart.o
 .debug_aranges
                0x0000000000000578       0x28 ./Core/Src/utils.o
 .debug_aranges
                0x00000000000005a0       0x28 ./Core/Startup/startup_stm32f407zetx.o
 .debug_aranges
                0x00000000000005c8       0xf0 ./Drivers/STM32F4xx_HAL_Driver/Src/stm32f4xx_hal.o
 .debug_aranges
                0x00000000000006b8       0xe8 ./Drivers/STM32F4xx_HAL_Driver/Src/stm32f4xx_hal_adc.o
 .debug_aranges
                0x00000000000007a0      0x118 ./Drivers/STM32F4xx_HAL_Driver/Src/stm32f4xx_hal_cortex.o
 .debug_aranges
                0x00000000000008b8       0x90 ./Drivers/STM32F4xx_HAL_Driver/Src/stm32f4xx_hal_dma.o
 .debug_aranges
                0x0000000000000948       0x58 ./Drivers/STM32F4xx_HAL_Driver/Src/stm32f4xx_hal_gpio.o
 .debug_aranges
                0x00000000000009a0      0x2a0 ./Drivers/STM32F4xx_HAL_Driver/Src/stm32f4xx_hal_i2c.o
 .debug_aranges
                0x0000000000000c40       0x88 ./Drivers/STM32F4xx_HAL_Driver/Src/stm32f4xx_hal_rcc.o
 .debug_aranges
                0x0000000000000cc8      0x1d0 ./Drivers/STM32F4xx_HAL_Driver/Src/stm32f4xx_hal_spi.o
 .debug_aranges
                0x0000000000000e98       0xa0 ./Drivers/STM32F4xx_HAL_Driver/Src/stm32f4xx_hal_sram.o
 .debug_aranges
                0x0000000000000f38      0x3d0 ./Drivers/STM32F4xx_HAL_Driver/Src/stm32f4xx_hal_tim.o
 .debug_aranges
                0x0000000000001308      0x168 ./Drivers/STM32F4xx_HAL_Driver/Src/stm32f4xx_hal_tim_ex.o
 .debug_aranges
                0x0000000000001470      0x200 ./Drivers/STM32F4xx_HAL_Driver/Src/stm32f4xx_hal_uart.o
 .debug_aranges
                0x0000000000001670       0xa8 ./Drivers/STM32F4xx_HAL_Driver/Src/stm32f4xx_ll_fsmc.o

.debug_ranges   0x0000000000000000     0x1528
 .debug_ranges  0x0000000000000000       0x20 ./Core/Src/adc.o
 .debug_ranges  0x0000000000000020       0x28 ./Core/Src/button.o
 .debug_ranges  0x0000000000000048       0x18 ./Core/Src/buzzer.o
 .debug_ranges  0x0000000000000060       0x10 ./Core/Src/dma.o
 .debug_ranges  0x0000000000000070       0x20 ./Core/Src/ds3231.o
 .debug_ranges  0x0000000000000090       0x30 ./Core/Src/fsmc.o
 .debug_ranges  0x00000000000000c0       0x10 ./Core/Src/gpio.o
 .debug_ranges  0x00000000000000d0       0x20 ./Core/Src/i2c.o
 .debug_ranges  0x00000000000000f0       0xc8 ./Core/Src/lcd.o
 .debug_ranges  0x00000000000001b8       0x28 ./Core/Src/main.o
 .debug_ranges  0x00000000000001e0       0x50 ./Core/Src/my_display.o
 .debug_ranges  0x0000000000000230       0x40 ./Core/Src/sensor.o
 .debug_ranges  0x0000000000000270       0x28 ./Core/Src/software_timer.o
 .debug_ranges  0x0000000000000298       0x20 ./Core/Src/spi.o
 .debug_ranges  0x00000000000002b8       0x10 ./Core/Src/stm32f4xx_hal_msp.o
 .debug_ranges  0x00000000000002c8       0x68 ./Core/Src/stm32f4xx_it.o
 .debug_ranges  0x0000000000000330       0x10 ./Core/Src/sysmem.o
 .debug_ranges  0x0000000000000340       0x38 ./Core/Src/system.o
 .debug_ranges  0x0000000000000378       0x18 ./Core/Src/system_stm32f4xx.o
 .debug_ranges  0x0000000000000390       0x30 ./Core/Src/tim.o
 .debug_ranges  0x00000000000003c0       0x38 ./Core/Src/uart.o
 .debug_ranges  0x00000000000003f8       0x20 ./Core/Src/usart.o
 .debug_ranges  0x0000000000000418       0x18 ./Core/Src/utils.o
 .debug_ranges  0x0000000000000430       0x20 ./Core/Startup/startup_stm32f407zetx.o
 .debug_ranges  0x0000000000000450       0xe0 ./Drivers/STM32F4xx_HAL_Driver/Src/stm32f4xx_hal.o
 .debug_ranges  0x0000000000000530       0xd8 ./Drivers/STM32F4xx_HAL_Driver/Src/stm32f4xx_hal_adc.o
 .debug_ranges  0x0000000000000608      0x108 ./Drivers/STM32F4xx_HAL_Driver/Src/stm32f4xx_hal_cortex.o
 .debug_ranges  0x0000000000000710       0x80 ./Drivers/STM32F4xx_HAL_Driver/Src/stm32f4xx_hal_dma.o